[2.214s] Invoking command in '/root/robot-ros/src/lidar_node': PYTHONPATH=/root/robot-ros/build/lidar_node/prefix_override:/root/robot-ros/install/lidar_node/lib/python3.10/site-packages:${PYTHONPATH} /usr/bin/python3 setup.py egg_info --egg-base ../../build/lidar_node build --build-base /root/robot-ros/build/lidar_node/build install --record /root/robot-ros/build/lidar_node/install.log --single-version-externally-managed
[2.572s] running egg_info
[2.573s] writing ../../build/lidar_node/lidar_node.egg-info/PKG-INFO
[2.574s] writing dependency_links to ../../build/lidar_node/lidar_node.egg-info/dependency_links.txt
[2.577s] writing entry points to ../../build/lidar_node/lidar_node.egg-info/entry_points.txt
[2.578s] writing requirements to ../../build/lidar_node/lidar_node.egg-info/requires.txt
[2.579s] writing top-level names to ../../build/lidar_node/lidar_node.egg-info/top_level.txt
[2.584s] reading manifest file '../../build/lidar_node/lidar_node.egg-info/SOURCES.txt'
[2.585s] writing manifest file '../../build/lidar_node/lidar_node.egg-info/SOURCES.txt'
[2.585s] running build
[2.585s] running build_py
[2.585s] running install
[2.586s] /usr/lib/python3/dist-packages/setuptools/command/install.py:34: SetuptoolsDeprecationWarning: setup.py install is deprecated. Use build and pip and other standards-based tools.
[2.586s]   warnings.warn(
[2.586s] running install_lib
[2.589s] running install_data
[2.591s] running install_egg_info
[2.595s] removing '/root/robot-ros/install/lidar_node/lib/python3.10/site-packages/lidar_node-0.0.0-py3.10.egg-info' (and everything under it)
[2.596s] Copying ../../build/lidar_node/lidar_node.egg-info to /root/robot-ros/install/lidar_node/lib/python3.10/site-packages/lidar_node-0.0.0-py3.10.egg-info
[2.597s] running install_scripts
[2.638s] Installing lidar_node script to /root/robot-ros/install/lidar_node/lib/lidar_node
[2.638s] writing list of installed files to '/root/robot-ros/build/lidar_node/install.log'
[2.803s] Invoked command in '/root/robot-ros/src/lidar_node' returned '0': PYTHONPATH=/root/robot-ros/build/lidar_node/prefix_override:/root/robot-ros/install/lidar_node/lib/python3.10/site-packages:${PYTHONPATH} /usr/bin/python3 setup.py egg_info --egg-base ../../build/lidar_node build --build-base /root/robot-ros/build/lidar_node/build install --record /root/robot-ros/build/lidar_node/install.log --single-version-externally-managed
