[1.376s] DEBUG:colcon:Command line arguments: ['/usr/bin/colcon', 'build']
[1.376s] DEBUG:colcon:Parsed command line arguments: Namespace(log_base=None, log_level=None, verb_name='build', build_base='build', install_base='install', merge_install=False, symlink_install=False, test_result_base=None, continue_on_error=False, executor='parallel', parallel_workers=4, event_handlers=None, ignore_user_meta=False, metas=['./colcon.meta'], base_paths=['.'], packages_ignore=None, packages_ignore_regex=None, paths=None, packages_up_to=None, packages_up_to_regex=None, packages_above=None, packages_above_and_dependencies=None, packages_above_depth=None, packages_select_by_dep=None, packages_skip_by_dep=None, packages_skip_up_to=None, packages_select_build_failed=False, packages_skip_build_finished=False, packages_select_test_failures=False, packages_skip_test_passed=False, packages_select=None, packages_skip=None, packages_select_regex=None, packages_skip_regex=None, packages_start=None, packages_end=None, cmake_args=None, cmake_target=None, cmake_target_skip_unavailable=False, cmake_clean_cache=False, cmake_clean_first=False, cmake_force_configure=False, ament_cmake_args=None, catkin_cmake_args=None, catkin_skip_building_tests=False, mixin_files=None, mixin=None, verb_parser=<colcon_mixin.mixin.mixin_argument.MixinArgumentDecorator object at 0x7fff9de5a560>, verb_extension=<colcon_core.verb.build.BuildVerb object at 0x7fff9de5a800>, main=<bound method BuildVerb.main of <colcon_core.verb.build.BuildVerb object at 0x7fff9de5a800>>, mixin_verb=('build',))
[1.430s] Level 1:colcon.colcon_core.package_discovery:discover_packages(colcon_meta) check parameters
[1.431s] INFO:colcon.colcon_metadata.package_discovery.colcon_meta:Using configuration from '/root/.colcon/metadata/default/Gazebo.meta'
[1.432s] INFO:colcon.colcon_metadata.package_discovery.colcon_meta:Using configuration from '/root/.colcon/metadata/default/fastrtps.meta'
[1.432s] Level 1:colcon.colcon_core.package_discovery:discover_packages(recursive) check parameters
[1.432s] Level 1:colcon.colcon_core.package_discovery:discover_packages(ignore) check parameters
[1.432s] Level 1:colcon.colcon_core.package_discovery:discover_packages(path) check parameters
[1.432s] Level 1:colcon.colcon_core.package_discovery:discover_packages(colcon_meta) discover
[1.432s] Level 1:colcon.colcon_core.package_discovery:discover_packages(recursive) discover
[1.432s] INFO:colcon.colcon_core.package_discovery:Crawling recursively for packages in '/root/robot-ros'
[1.432s] Level 1:colcon.colcon_core.package_identification:_identify(.) by extensions ['ignore', 'ignore_ament_install']
[1.432s] Level 1:colcon.colcon_core.package_identification:_identify(.) by extension 'ignore'
[1.432s] Level 1:colcon.colcon_core.package_identification:_identify(.) by extension 'ignore_ament_install'
[1.432s] Level 1:colcon.colcon_core.package_identification:_identify(.) by extensions ['colcon_pkg']
[1.432s] Level 1:colcon.colcon_core.package_identification:_identify(.) by extension 'colcon_pkg'
[1.432s] Level 1:colcon.colcon_core.package_identification:_identify(.) by extensions ['colcon_meta']
[1.432s] Level 1:colcon.colcon_core.package_identification:_identify(.) by extension 'colcon_meta'
[1.432s] Level 1:colcon.colcon_core.package_identification:_identify(.) by extensions ['ros']
[1.433s] Level 1:colcon.colcon_core.package_identification:_identify(.) by extension 'ros'
[1.466s] Level 1:colcon.colcon_core.package_identification:_identify(.) by extensions ['cmake', 'python']
[1.466s] Level 1:colcon.colcon_core.package_identification:_identify(.) by extension 'cmake'
[1.466s] Level 1:colcon.colcon_core.package_identification:_identify(.) by extension 'python'
[1.466s] Level 1:colcon.colcon_core.package_identification:_identify(.) by extensions ['python_setup_py']
[1.466s] Level 1:colcon.colcon_core.package_identification:_identify(.) by extension 'python_setup_py'
[1.466s] Level 1:colcon.colcon_core.package_identification:_identify(build) by extensions ['ignore', 'ignore_ament_install']
[1.467s] Level 1:colcon.colcon_core.package_identification:_identify(build) by extension 'ignore'
[1.467s] Level 1:colcon.colcon_core.package_identification:_identify(build) ignored
[1.467s] Level 1:colcon.colcon_core.package_identification:_identify(install) by extensions ['ignore', 'ignore_ament_install']
[1.467s] Level 1:colcon.colcon_core.package_identification:_identify(install) by extension 'ignore'
[1.467s] Level 1:colcon.colcon_core.package_identification:_identify(install) ignored
[1.467s] Level 1:colcon.colcon_core.package_identification:_identify(log) by extensions ['ignore', 'ignore_ament_install']
[1.467s] Level 1:colcon.colcon_core.package_identification:_identify(log) by extension 'ignore'
[1.467s] Level 1:colcon.colcon_core.package_identification:_identify(log) ignored
[1.467s] Level 1:colcon.colcon_core.package_identification:_identify(src) by extensions ['ignore', 'ignore_ament_install']
[1.467s] Level 1:colcon.colcon_core.package_identification:_identify(src) by extension 'ignore'
[1.467s] Level 1:colcon.colcon_core.package_identification:_identify(src) by extension 'ignore_ament_install'
[1.467s] Level 1:colcon.colcon_core.package_identification:_identify(src) by extensions ['colcon_pkg']
[1.467s] Level 1:colcon.colcon_core.package_identification:_identify(src) by extension 'colcon_pkg'
[1.467s] Level 1:colcon.colcon_core.package_identification:_identify(src) by extensions ['colcon_meta']
[1.467s] Level 1:colcon.colcon_core.package_identification:_identify(src) by extension 'colcon_meta'
[1.467s] Level 1:colcon.colcon_core.package_identification:_identify(src) by extensions ['ros']
[1.467s] Level 1:colcon.colcon_core.package_identification:_identify(src) by extension 'ros'
[1.468s] Level 1:colcon.colcon_core.package_identification:_identify(src) by extensions ['cmake', 'python']
[1.468s] Level 1:colcon.colcon_core.package_identification:_identify(src) by extension 'cmake'
[1.468s] Level 1:colcon.colcon_core.package_identification:_identify(src) by extension 'python'
[1.468s] Level 1:colcon.colcon_core.package_identification:_identify(src) by extensions ['python_setup_py']
[1.468s] Level 1:colcon.colcon_core.package_identification:_identify(src) by extension 'python_setup_py'
[1.468s] Level 1:colcon.colcon_core.package_identification:_identify(src/autonomous_node) by extensions ['ignore', 'ignore_ament_install']
[1.468s] Level 1:colcon.colcon_core.package_identification:_identify(src/autonomous_node) by extension 'ignore'
[1.468s] Level 1:colcon.colcon_core.package_identification:_identify(src/autonomous_node) by extension 'ignore_ament_install'
[1.468s] Level 1:colcon.colcon_core.package_identification:_identify(src/autonomous_node) by extensions ['colcon_pkg']
[1.468s] Level 1:colcon.colcon_core.package_identification:_identify(src/autonomous_node) by extension 'colcon_pkg'
[1.468s] Level 1:colcon.colcon_core.package_identification:_identify(src/autonomous_node) by extensions ['colcon_meta']
[1.468s] Level 1:colcon.colcon_core.package_identification:_identify(src/autonomous_node) by extension 'colcon_meta'
[1.468s] Level 1:colcon.colcon_core.package_identification:_identify(src/autonomous_node) by extensions ['ros']
[1.468s] Level 1:colcon.colcon_core.package_identification:_identify(src/autonomous_node) by extension 'ros'
[1.471s] DEBUG:colcon.colcon_core.package_identification:Package 'src/autonomous_node' with type 'ros.ament_python' and name 'autonomous_node'
[1.472s] Level 1:colcon.colcon_core.package_identification:_identify(src/build) by extensions ['ignore', 'ignore_ament_install']
[1.472s] Level 1:colcon.colcon_core.package_identification:_identify(src/build) by extension 'ignore'
[1.472s] Level 1:colcon.colcon_core.package_identification:_identify(src/build) ignored
[1.472s] Level 1:colcon.colcon_core.package_identification:_identify(src/influx_node) by extensions ['ignore', 'ignore_ament_install']
[1.472s] Level 1:colcon.colcon_core.package_identification:_identify(src/influx_node) by extension 'ignore'
[1.472s] Level 1:colcon.colcon_core.package_identification:_identify(src/influx_node) by extension 'ignore_ament_install'
[1.472s] Level 1:colcon.colcon_core.package_identification:_identify(src/influx_node) by extensions ['colcon_pkg']
[1.472s] Level 1:colcon.colcon_core.package_identification:_identify(src/influx_node) by extension 'colcon_pkg'
[1.472s] Level 1:colcon.colcon_core.package_identification:_identify(src/influx_node) by extensions ['colcon_meta']
[1.472s] Level 1:colcon.colcon_core.package_identification:_identify(src/influx_node) by extension 'colcon_meta'
[1.472s] Level 1:colcon.colcon_core.package_identification:_identify(src/influx_node) by extensions ['ros']
[1.472s] Level 1:colcon.colcon_core.package_identification:_identify(src/influx_node) by extension 'ros'
[1.473s] DEBUG:colcon.colcon_core.package_identification:Package 'src/influx_node' with type 'ros.ament_python' and name 'influx_node'
[1.473s] Level 1:colcon.colcon_core.package_identification:_identify(src/install) by extensions ['ignore', 'ignore_ament_install']
[1.473s] Level 1:colcon.colcon_core.package_identification:_identify(src/install) by extension 'ignore'
[1.473s] Level 1:colcon.colcon_core.package_identification:_identify(src/install) ignored
[1.473s] Level 1:colcon.colcon_core.package_identification:_identify(src/lidar_node) by extensions ['ignore', 'ignore_ament_install']
[1.473s] Level 1:colcon.colcon_core.package_identification:_identify(src/lidar_node) by extension 'ignore'
[1.473s] Level 1:colcon.colcon_core.package_identification:_identify(src/lidar_node) by extension 'ignore_ament_install'
[1.473s] Level 1:colcon.colcon_core.package_identification:_identify(src/lidar_node) by extensions ['colcon_pkg']
[1.473s] Level 1:colcon.colcon_core.package_identification:_identify(src/lidar_node) by extension 'colcon_pkg'
[1.473s] Level 1:colcon.colcon_core.package_identification:_identify(src/lidar_node) by extensions ['colcon_meta']
[1.473s] Level 1:colcon.colcon_core.package_identification:_identify(src/lidar_node) by extension 'colcon_meta'
[1.473s] Level 1:colcon.colcon_core.package_identification:_identify(src/lidar_node) by extensions ['ros']
[1.473s] Level 1:colcon.colcon_core.package_identification:_identify(src/lidar_node) by extension 'ros'
[1.474s] DEBUG:colcon.colcon_core.package_identification:Package 'src/lidar_node' with type 'ros.ament_python' and name 'lidar_node'
[1.474s] Level 1:colcon.colcon_core.package_identification:_identify(src/log) by extensions ['ignore', 'ignore_ament_install']
[1.474s] Level 1:colcon.colcon_core.package_identification:_identify(src/log) by extension 'ignore'
[1.474s] Level 1:colcon.colcon_core.package_identification:_identify(src/log) ignored
[1.474s] Level 1:colcon.colcon_core.package_discovery:discover_packages(recursive) using defaults
[1.474s] Level 1:colcon.colcon_core.package_discovery:discover_packages(ignore) discover
[1.474s] Level 1:colcon.colcon_core.package_discovery:discover_packages(ignore) using defaults
[1.474s] Level 1:colcon.colcon_core.package_discovery:discover_packages(path) discover
[1.474s] Level 1:colcon.colcon_core.package_discovery:discover_packages(path) using defaults
[1.562s] Level 5:colcon.colcon_core.verb:set package 'autonomous_node' build argument 'cmake_args' from command line to 'None'
[1.562s] Level 5:colcon.colcon_core.verb:set package 'autonomous_node' build argument 'cmake_target' from command line to 'None'
[1.562s] Level 5:colcon.colcon_core.verb:set package 'autonomous_node' build argument 'cmake_target_skip_unavailable' from command line to 'False'
[1.562s] Level 5:colcon.colcon_core.verb:set package 'autonomous_node' build argument 'cmake_clean_cache' from command line to 'False'
[1.562s] Level 5:colcon.colcon_core.verb:set package 'autonomous_node' build argument 'cmake_clean_first' from command line to 'False'
[1.562s] Level 5:colcon.colcon_core.verb:set package 'autonomous_node' build argument 'cmake_force_configure' from command line to 'False'
[1.562s] Level 5:colcon.colcon_core.verb:set package 'autonomous_node' build argument 'ament_cmake_args' from command line to 'None'
[1.562s] Level 5:colcon.colcon_core.verb:set package 'autonomous_node' build argument 'catkin_cmake_args' from command line to 'None'
[1.562s] Level 5:colcon.colcon_core.verb:set package 'autonomous_node' build argument 'catkin_skip_building_tests' from command line to 'False'
[1.562s] DEBUG:colcon.colcon_core.verb:Building package 'autonomous_node' with the following arguments: {'ament_cmake_args': None, 'build_base': '/root/robot-ros/build/autonomous_node', 'catkin_cmake_args': None, 'catkin_skip_building_tests': False, 'cmake_args': None, 'cmake_clean_cache': False, 'cmake_clean_first': False, 'cmake_force_configure': False, 'cmake_target': None, 'cmake_target_skip_unavailable': False, 'install_base': '/root/robot-ros/install/autonomous_node', 'merge_install': False, 'path': '/root/robot-ros/src/autonomous_node', 'symlink_install': False, 'test_result_base': None}
[1.577s] Level 5:colcon.colcon_core.verb:set package 'influx_node' build argument 'cmake_args' from command line to 'None'
[1.577s] Level 5:colcon.colcon_core.verb:set package 'influx_node' build argument 'cmake_target' from command line to 'None'
[1.577s] Level 5:colcon.colcon_core.verb:set package 'influx_node' build argument 'cmake_target_skip_unavailable' from command line to 'False'
[1.578s] Level 5:colcon.colcon_core.verb:set package 'influx_node' build argument 'cmake_clean_cache' from command line to 'False'
[1.578s] Level 5:colcon.colcon_core.verb:set package 'influx_node' build argument 'cmake_clean_first' from command line to 'False'
[1.578s] Level 5:colcon.colcon_core.verb:set package 'influx_node' build argument 'cmake_force_configure' from command line to 'False'
[1.578s] Level 5:colcon.colcon_core.verb:set package 'influx_node' build argument 'ament_cmake_args' from command line to 'None'
[1.578s] Level 5:colcon.colcon_core.verb:set package 'influx_node' build argument 'catkin_cmake_args' from command line to 'None'
[1.578s] Level 5:colcon.colcon_core.verb:set package 'influx_node' build argument 'catkin_skip_building_tests' from command line to 'False'
[1.578s] DEBUG:colcon.colcon_core.verb:Building package 'influx_node' with the following arguments: {'ament_cmake_args': None, 'build_base': '/root/robot-ros/build/influx_node', 'catkin_cmake_args': None, 'catkin_skip_building_tests': False, 'cmake_args': None, 'cmake_clean_cache': False, 'cmake_clean_first': False, 'cmake_force_configure': False, 'cmake_target': None, 'cmake_target_skip_unavailable': False, 'install_base': '/root/robot-ros/install/influx_node', 'merge_install': False, 'path': '/root/robot-ros/src/influx_node', 'symlink_install': False, 'test_result_base': None}
[1.594s] Level 5:colcon.colcon_core.verb:set package 'lidar_node' build argument 'cmake_args' from command line to 'None'
[1.594s] Level 5:colcon.colcon_core.verb:set package 'lidar_node' build argument 'cmake_target' from command line to 'None'
[1.594s] Level 5:colcon.colcon_core.verb:set package 'lidar_node' build argument 'cmake_target_skip_unavailable' from command line to 'False'
[1.594s] Level 5:colcon.colcon_core.verb:set package 'lidar_node' build argument 'cmake_clean_cache' from command line to 'False'
[1.594s] Level 5:colcon.colcon_core.verb:set package 'lidar_node' build argument 'cmake_clean_first' from command line to 'False'
[1.594s] Level 5:colcon.colcon_core.verb:set package 'lidar_node' build argument 'cmake_force_configure' from command line to 'False'
[1.594s] Level 5:colcon.colcon_core.verb:set package 'lidar_node' build argument 'ament_cmake_args' from command line to 'None'
[1.594s] Level 5:colcon.colcon_core.verb:set package 'lidar_node' build argument 'catkin_cmake_args' from command line to 'None'
[1.594s] Level 5:colcon.colcon_core.verb:set package 'lidar_node' build argument 'catkin_skip_building_tests' from command line to 'False'
[1.594s] DEBUG:colcon.colcon_core.verb:Building package 'lidar_node' with the following arguments: {'ament_cmake_args': None, 'build_base': '/root/robot-ros/build/lidar_node', 'catkin_cmake_args': None, 'catkin_skip_building_tests': False, 'cmake_args': None, 'cmake_clean_cache': False, 'cmake_clean_first': False, 'cmake_force_configure': False, 'cmake_target': None, 'cmake_target_skip_unavailable': False, 'install_base': '/root/robot-ros/install/lidar_node', 'merge_install': False, 'path': '/root/robot-ros/src/lidar_node', 'symlink_install': False, 'test_result_base': None}
[1.610s] INFO:colcon.colcon_core.executor:Executing jobs using 'parallel' executor
[1.626s] DEBUG:colcon.colcon_parallel_executor.executor.parallel:run_until_complete
[1.627s] INFO:colcon.colcon_ros.task.ament_python.build:Building ROS package in '/root/robot-ros/src/autonomous_node' with build type 'ament_python'
[1.627s] Level 1:colcon.colcon_core.shell:create_environment_hook('autonomous_node', 'ament_prefix_path')
[1.651s] INFO:colcon.colcon_core.plugin_system:Skipping extension 'colcon_core.shell.bat': Not used on non-Windows systems
[1.651s] INFO:colcon.colcon_core.shell:Creating environment hook '/root/robot-ros/install/autonomous_node/share/autonomous_node/hook/ament_prefix_path.ps1'
[1.652s] INFO:colcon.colcon_core.shell:Creating environment descriptor '/root/robot-ros/install/autonomous_node/share/autonomous_node/hook/ament_prefix_path.dsv'
[1.656s] INFO:colcon.colcon_core.shell:Creating environment hook '/root/robot-ros/install/autonomous_node/share/autonomous_node/hook/ament_prefix_path.sh'
[1.674s] INFO:colcon.colcon_core.shell:Skip shell extension 'powershell' for command environment: Not usable outside of PowerShell
[1.674s] DEBUG:colcon.colcon_core.shell:Skip shell extension 'dsv' for command environment
[1.798s] INFO:colcon.colcon_ros.task.ament_python.build:Building ROS package in '/root/robot-ros/src/influx_node' with build type 'ament_python'
[1.798s] Level 1:colcon.colcon_core.shell:create_environment_hook('influx_node', 'ament_prefix_path')
[1.817s] INFO:colcon.colcon_core.shell:Creating environment hook '/root/robot-ros/install/influx_node/share/influx_node/hook/ament_prefix_path.ps1'
[1.818s] INFO:colcon.colcon_core.shell:Creating environment descriptor '/root/robot-ros/install/influx_node/share/influx_node/hook/ament_prefix_path.dsv'
[1.819s] INFO:colcon.colcon_core.shell:Creating environment hook '/root/robot-ros/install/influx_node/share/influx_node/hook/ament_prefix_path.sh'
[1.839s] INFO:colcon.colcon_core.shell:Skip shell extension 'powershell' for command environment: Not usable outside of PowerShell
[1.839s] DEBUG:colcon.colcon_core.shell:Skip shell extension 'dsv' for command environment
[1.961s] INFO:colcon.colcon_ros.task.ament_python.build:Building ROS package in '/root/robot-ros/src/lidar_node' with build type 'ament_python'
[1.961s] Level 1:colcon.colcon_core.shell:create_environment_hook('lidar_node', 'ament_prefix_path')
[1.982s] INFO:colcon.colcon_core.shell:Creating environment hook '/root/robot-ros/install/lidar_node/share/lidar_node/hook/ament_prefix_path.ps1'
[1.983s] INFO:colcon.colcon_core.shell:Creating environment descriptor '/root/robot-ros/install/lidar_node/share/lidar_node/hook/ament_prefix_path.dsv'
[1.984s] INFO:colcon.colcon_core.shell:Creating environment hook '/root/robot-ros/install/lidar_node/share/lidar_node/hook/ament_prefix_path.sh'
[2.002s] INFO:colcon.colcon_core.shell:Skip shell extension 'powershell' for command environment: Not usable outside of PowerShell
[2.003s] DEBUG:colcon.colcon_core.shell:Skip shell extension 'dsv' for command environment
[2.482s] INFO:colcon.colcon_core.task.python.build:Building Python package in '/root/robot-ros/src/autonomous_node'
[2.498s] INFO:colcon.colcon_core.shell:Skip shell extension 'powershell' for command environment: Not usable outside of PowerShell
[2.498s] DEBUG:colcon.colcon_core.shell:Skip shell extension 'dsv' for command environment
[2.977s] INFO:colcon.colcon_core.task.python.build:Building Python package in '/root/robot-ros/src/influx_node'
[2.993s] INFO:colcon.colcon_core.shell:Skip shell extension 'powershell' for command environment: Not usable outside of PowerShell
[2.993s] DEBUG:colcon.colcon_core.shell:Skip shell extension 'dsv' for command environment
[3.463s] INFO:colcon.colcon_core.task.python.build:Building Python package in '/root/robot-ros/src/lidar_node'
[3.479s] INFO:colcon.colcon_core.shell:Skip shell extension 'powershell' for command environment: Not usable outside of PowerShell
[3.479s] DEBUG:colcon.colcon_core.shell:Skip shell extension 'dsv' for command environment
[4.134s] DEBUG:colcon.colcon_core.event_handler.log_command:Invoking command in '/root/robot-ros/src/autonomous_node': PYTHONPATH=/root/robot-ros/build/autonomous_node/prefix_override:/root/robot-ros/install/autonomous_node/lib/python3.10/site-packages:${PYTHONPATH} /usr/bin/python3 setup.py egg_info --egg-base ../../build/autonomous_node build --build-base /root/robot-ros/build/autonomous_node/build install --record /root/robot-ros/build/autonomous_node/install.log --single-version-externally-managed
[4.175s] DEBUG:colcon.colcon_core.event_handler.log_command:Invoking command in '/root/robot-ros/src/lidar_node': PYTHONPATH=/root/robot-ros/build/lidar_node/prefix_override:/root/robot-ros/install/lidar_node/lib/python3.10/site-packages:${PYTHONPATH} /usr/bin/python3 setup.py egg_info --egg-base ../../build/lidar_node build --build-base /root/robot-ros/build/lidar_node/build install --record /root/robot-ros/build/lidar_node/install.log --single-version-externally-managed
[4.246s] DEBUG:colcon.colcon_core.event_handler.log_command:Invoking command in '/root/robot-ros/src/influx_node': PYTHONPATH=/root/robot-ros/build/influx_node/prefix_override:/root/robot-ros/install/influx_node/lib/python3.10/site-packages:${PYTHONPATH} /usr/bin/python3 setup.py egg_info --egg-base ../../build/influx_node build --build-base /root/robot-ros/build/influx_node/build install --record /root/robot-ros/build/influx_node/install.log --single-version-externally-managed
[4.650s] DEBUG:colcon.colcon_core.event_handler.log_command:Invoked command in '/root/robot-ros/src/autonomous_node' returned '0': PYTHONPATH=/root/robot-ros/build/autonomous_node/prefix_override:/root/robot-ros/install/autonomous_node/lib/python3.10/site-packages:${PYTHONPATH} /usr/bin/python3 setup.py egg_info --egg-base ../../build/autonomous_node build --build-base /root/robot-ros/build/autonomous_node/build install --record /root/robot-ros/build/autonomous_node/install.log --single-version-externally-managed
[4.706s] Level 1:colcon.colcon_core.environment:checking '/root/robot-ros/install/autonomous_node' for CMake module files
[4.707s] Level 1:colcon.colcon_core.environment:checking '/root/robot-ros/install/autonomous_node' for CMake config files
[4.708s] Level 1:colcon.colcon_core.environment:checking '/root/robot-ros/install/autonomous_node/lib'
[4.708s] Level 1:colcon.colcon_core.environment:checking '/root/robot-ros/install/autonomous_node/bin'
[4.708s] Level 1:colcon.colcon_core.environment:checking '/root/robot-ros/install/autonomous_node/lib/pkgconfig/autonomous_node.pc'
[4.708s] Level 1:colcon.colcon_core.environment:checking '/root/robot-ros/install/autonomous_node/lib/python3.10/site-packages'
[4.708s] Level 1:colcon.colcon_core.shell:create_environment_hook('autonomous_node', 'pythonpath')
[4.726s] INFO:colcon.colcon_core.shell:Creating environment hook '/root/robot-ros/install/autonomous_node/share/autonomous_node/hook/pythonpath.ps1'
[4.727s] INFO:colcon.colcon_core.shell:Creating environment descriptor '/root/robot-ros/install/autonomous_node/share/autonomous_node/hook/pythonpath.dsv'
[4.731s] INFO:colcon.colcon_core.shell:Creating environment hook '/root/robot-ros/install/autonomous_node/share/autonomous_node/hook/pythonpath.sh'
[4.732s] Level 1:colcon.colcon_core.environment:checking '/root/robot-ros/install/autonomous_node/bin'
[4.732s] Level 1:colcon.colcon_core.environment:create_environment_scripts_only(autonomous_node)
[4.750s] INFO:colcon.colcon_core.shell:Creating package script '/root/robot-ros/install/autonomous_node/share/autonomous_node/package.ps1'
[4.751s] INFO:colcon.colcon_core.shell:Creating package descriptor '/root/robot-ros/install/autonomous_node/share/autonomous_node/package.dsv'
[4.753s] INFO:colcon.colcon_core.shell:Creating package script '/root/robot-ros/install/autonomous_node/share/autonomous_node/package.sh'
[4.754s] INFO:colcon.colcon_core.shell:Creating package script '/root/robot-ros/install/autonomous_node/share/autonomous_node/package.bash'
[4.756s] INFO:colcon.colcon_core.shell:Creating package script '/root/robot-ros/install/autonomous_node/share/autonomous_node/package.zsh'
[4.757s] Level 1:colcon.colcon_core.environment:create_file_with_runtime_dependencies(/root/robot-ros/install/autonomous_node/share/colcon-core/packages/autonomous_node)
[4.765s] DEBUG:colcon.colcon_core.event_handler.log_command:Invoked command in '/root/robot-ros/src/lidar_node' returned '0': PYTHONPATH=/root/robot-ros/build/lidar_node/prefix_override:/root/robot-ros/install/lidar_node/lib/python3.10/site-packages:${PYTHONPATH} /usr/bin/python3 setup.py egg_info --egg-base ../../build/lidar_node build --build-base /root/robot-ros/build/lidar_node/build install --record /root/robot-ros/build/lidar_node/install.log --single-version-externally-managed
[4.787s] Level 1:colcon.colcon_core.environment:checking '/root/robot-ros/install/lidar_node' for CMake module files
[4.787s] Level 1:colcon.colcon_core.environment:checking '/root/robot-ros/install/lidar_node' for CMake config files
[4.788s] Level 1:colcon.colcon_core.environment:checking '/root/robot-ros/install/lidar_node/lib'
[4.788s] Level 1:colcon.colcon_core.environment:checking '/root/robot-ros/install/lidar_node/bin'
[4.788s] Level 1:colcon.colcon_core.environment:checking '/root/robot-ros/install/lidar_node/lib/pkgconfig/lidar_node.pc'
[4.788s] Level 1:colcon.colcon_core.environment:checking '/root/robot-ros/install/lidar_node/lib/python3.10/site-packages'
[4.788s] Level 1:colcon.colcon_core.shell:create_environment_hook('lidar_node', 'pythonpath')
[4.808s] INFO:colcon.colcon_core.shell:Creating environment hook '/root/robot-ros/install/lidar_node/share/lidar_node/hook/pythonpath.ps1'
[4.808s] INFO:colcon.colcon_core.shell:Creating environment descriptor '/root/robot-ros/install/lidar_node/share/lidar_node/hook/pythonpath.dsv'
[4.810s] INFO:colcon.colcon_core.shell:Creating environment hook '/root/robot-ros/install/lidar_node/share/lidar_node/hook/pythonpath.sh'
[4.811s] Level 1:colcon.colcon_core.environment:checking '/root/robot-ros/install/lidar_node/bin'
[4.811s] Level 1:colcon.colcon_core.environment:create_environment_scripts_only(lidar_node)
[4.827s] INFO:colcon.colcon_core.shell:Creating package script '/root/robot-ros/install/lidar_node/share/lidar_node/package.ps1'
[4.828s] INFO:colcon.colcon_core.shell:Creating package descriptor '/root/robot-ros/install/lidar_node/share/lidar_node/package.dsv'
[4.829s] INFO:colcon.colcon_core.shell:Creating package script '/root/robot-ros/install/lidar_node/share/lidar_node/package.sh'
[4.830s] INFO:colcon.colcon_core.shell:Creating package script '/root/robot-ros/install/lidar_node/share/lidar_node/package.bash'
[4.831s] INFO:colcon.colcon_core.shell:Creating package script '/root/robot-ros/install/lidar_node/share/lidar_node/package.zsh'
[4.832s] Level 1:colcon.colcon_core.environment:create_file_with_runtime_dependencies(/root/robot-ros/install/lidar_node/share/colcon-core/packages/lidar_node)
[4.835s] DEBUG:colcon.colcon_core.event_handler.log_command:Invoked command in '/root/robot-ros/src/influx_node' returned '0': PYTHONPATH=/root/robot-ros/build/influx_node/prefix_override:/root/robot-ros/install/influx_node/lib/python3.10/site-packages:${PYTHONPATH} /usr/bin/python3 setup.py egg_info --egg-base ../../build/influx_node build --build-base /root/robot-ros/build/influx_node/build install --record /root/robot-ros/build/influx_node/install.log --single-version-externally-managed
[4.854s] Level 1:colcon.colcon_core.environment:checking '/root/robot-ros/install/influx_node' for CMake module files
[4.854s] Level 1:colcon.colcon_core.environment:checking '/root/robot-ros/install/influx_node' for CMake config files
[4.855s] Level 1:colcon.colcon_core.environment:checking '/root/robot-ros/install/influx_node/lib'
[4.855s] Level 1:colcon.colcon_core.environment:checking '/root/robot-ros/install/influx_node/bin'
[4.856s] Level 1:colcon.colcon_core.environment:checking '/root/robot-ros/install/influx_node/lib/pkgconfig/influx_node.pc'
[4.856s] Level 1:colcon.colcon_core.environment:checking '/root/robot-ros/install/influx_node/lib/python3.10/site-packages'
[4.856s] Level 1:colcon.colcon_core.shell:create_environment_hook('influx_node', 'pythonpath')
[4.873s] INFO:colcon.colcon_core.shell:Creating environment hook '/root/robot-ros/install/influx_node/share/influx_node/hook/pythonpath.ps1'
[4.873s] INFO:colcon.colcon_core.shell:Creating environment descriptor '/root/robot-ros/install/influx_node/share/influx_node/hook/pythonpath.dsv'
[4.875s] INFO:colcon.colcon_core.shell:Creating environment hook '/root/robot-ros/install/influx_node/share/influx_node/hook/pythonpath.sh'
[4.876s] Level 1:colcon.colcon_core.environment:checking '/root/robot-ros/install/influx_node/bin'
[4.876s] Level 1:colcon.colcon_core.environment:create_environment_scripts_only(influx_node)
[4.892s] INFO:colcon.colcon_core.shell:Creating package script '/root/robot-ros/install/influx_node/share/influx_node/package.ps1'
[4.893s] INFO:colcon.colcon_core.shell:Creating package descriptor '/root/robot-ros/install/influx_node/share/influx_node/package.dsv'
[4.894s] INFO:colcon.colcon_core.shell:Creating package script '/root/robot-ros/install/influx_node/share/influx_node/package.sh'
[4.895s] INFO:colcon.colcon_core.shell:Creating package script '/root/robot-ros/install/influx_node/share/influx_node/package.bash'
[4.896s] INFO:colcon.colcon_core.shell:Creating package script '/root/robot-ros/install/influx_node/share/influx_node/package.zsh'
[4.896s] Level 1:colcon.colcon_core.environment:create_file_with_runtime_dependencies(/root/robot-ros/install/influx_node/share/colcon-core/packages/influx_node)
[4.897s] DEBUG:colcon.colcon_parallel_executor.executor.parallel:closing loop
[4.897s] DEBUG:colcon.colcon_parallel_executor.executor.parallel:loop closed
[4.897s] DEBUG:colcon.colcon_parallel_executor.executor.parallel:run_until_complete finished with '0'
[4.898s] DEBUG:colcon.colcon_core.event_reactor:joining thread
[4.927s] INFO:colcon.colcon_core.plugin_system:Skipping extension 'colcon_notification.desktop_notification.notify_send': Could not find 'notify-send'
[4.927s] INFO:colcon.colcon_core.plugin_system:Skipping extension 'colcon_notification.desktop_notification.terminal_notifier': Not used on non-Darwin systems
[4.927s] INFO:colcon.colcon_core.plugin_system:Skipping extension 'colcon_notification.desktop_notification.win32': Not used on non-Windows systems
[4.927s] INFO:colcon.colcon_notification.desktop_notification:Sending desktop notification using 'notify2'
[4.929s] DEBUG:colcon.colcon_notification.desktop_notification.notify2:Failed to initialize notify2: org.freedesktop.DBus.Error.Spawn.ExecFailed: /usr/bin/dbus-launch terminated abnormally without any error message
[4.929s] DEBUG:colcon.colcon_core.event_reactor:joined thread
[4.946s] INFO:colcon.colcon_core.shell:Creating prefix script '/root/robot-ros/install/local_setup.ps1'
[4.947s] INFO:colcon.colcon_core.shell:Creating prefix util module '/root/robot-ros/install/_local_setup_util_ps1.py'
[4.949s] INFO:colcon.colcon_core.shell:Creating prefix chain script '/root/robot-ros/install/setup.ps1'
[4.968s] INFO:colcon.colcon_core.shell:Creating prefix script '/root/robot-ros/install/local_setup.sh'
[4.969s] INFO:colcon.colcon_core.shell:Creating prefix util module '/root/robot-ros/install/_local_setup_util_sh.py'
[4.970s] INFO:colcon.colcon_core.shell:Creating prefix chain script '/root/robot-ros/install/setup.sh'
[4.989s] INFO:colcon.colcon_core.shell:Creating prefix script '/root/robot-ros/install/local_setup.bash'
[4.991s] INFO:colcon.colcon_core.shell:Creating prefix chain script '/root/robot-ros/install/setup.bash'
[5.010s] INFO:colcon.colcon_core.shell:Creating prefix script '/root/robot-ros/install/local_setup.zsh'
[5.011s] INFO:colcon.colcon_core.shell:Creating prefix chain script '/root/robot-ros/install/setup.zsh'
