running egg_info
creating ../../build/autonomous_node/autonomous_node.egg-info
writing ../../build/autonomous_node/autonomous_node.egg-info/PKG-INFO
writing dependency_links to ../../build/autonomous_node/autonomous_node.egg-info/dependency_links.txt
writing entry points to ../../build/autonomous_node/autonomous_node.egg-info/entry_points.txt
writing requirements to ../../build/autonomous_node/autonomous_node.egg-info/requires.txt
writing top-level names to ../../build/autonomous_node/autonomous_node.egg-info/top_level.txt
writing manifest file '../../build/autonomous_node/autonomous_node.egg-info/SOURCES.txt'
reading manifest file '../../build/autonomous_node/autonomous_node.egg-info/SOURCES.txt'
writing manifest file '../../build/autonomous_node/autonomous_node.egg-info/SOURCES.txt'
running build
running build_py
creating /root/robot-ros/build/autonomous_node/build
creating /root/robot-ros/build/autonomous_node/build/lib
creating /root/robot-ros/build/autonomous_node/build/lib/autonomous_node
copying autonomous_node/autonomous_node.py -> /root/robot-ros/build/autonomous_node/build/lib/autonomous_node
copying autonomous_node/keyboard_control.py -> /root/robot-ros/build/autonomous_node/build/lib/autonomous_node
copying autonomous_node/__init__.py -> /root/robot-ros/build/autonomous_node/build/lib/autonomous_node
copying autonomous_node/joy_control.py -> /root/robot-ros/build/autonomous_node/build/lib/autonomous_node
running install
running install_lib
creating /root/robot-ros/install/autonomous_node/lib/python3.10/site-packages/autonomous_node
copying /root/robot-ros/build/autonomous_node/build/lib/autonomous_node/autonomous_node.py -> /root/robot-ros/install/autonomous_node/lib/python3.10/site-packages/autonomous_node
copying /root/robot-ros/build/autonomous_node/build/lib/autonomous_node/keyboard_control.py -> /root/robot-ros/install/autonomous_node/lib/python3.10/site-packages/autonomous_node
copying /root/robot-ros/build/autonomous_node/build/lib/autonomous_node/__init__.py -> /root/robot-ros/install/autonomous_node/lib/python3.10/site-packages/autonomous_node
copying /root/robot-ros/build/autonomous_node/build/lib/autonomous_node/joy_control.py -> /root/robot-ros/install/autonomous_node/lib/python3.10/site-packages/autonomous_node
byte-compiling /root/robot-ros/install/autonomous_node/lib/python3.10/site-packages/autonomous_node/autonomous_node.py to autonomous_node.cpython-310.pyc
byte-compiling /root/robot-ros/install/autonomous_node/lib/python3.10/site-packages/autonomous_node/keyboard_control.py to keyboard_control.cpython-310.pyc
byte-compiling /root/robot-ros/install/autonomous_node/lib/python3.10/site-packages/autonomous_node/__init__.py to __init__.cpython-310.pyc
byte-compiling /root/robot-ros/install/autonomous_node/lib/python3.10/site-packages/autonomous_node/joy_control.py to joy_control.cpython-310.pyc
running install_data
creating /root/robot-ros/install/autonomous_node/share/ament_index
creating /root/robot-ros/install/autonomous_node/share/ament_index/resource_index
creating /root/robot-ros/install/autonomous_node/share/ament_index/resource_index/packages
copying resource/autonomous_node -> /root/robot-ros/install/autonomous_node/share/ament_index/resource_index/packages
copying package.xml -> /root/robot-ros/install/autonomous_node/share/autonomous_node
running install_egg_info
Copying ../../build/autonomous_node/autonomous_node.egg-info to /root/robot-ros/install/autonomous_node/lib/python3.10/site-packages/autonomous_node-0.0.0-py3.10.egg-info
running install_scripts
Installing autonomous_node script to /root/robot-ros/install/autonomous_node/lib/autonomous_node
Installing joy_control script to /root/robot-ros/install/autonomous_node/lib/autonomous_node
Installing keyboard_control script to /root/robot-ros/install/autonomous_node/lib/autonomous_node
writing list of installed files to '/root/robot-ros/build/autonomous_node/install.log'
