/root/robot-ros/install/autonomous_node/lib/python3.10/site-packages/autonomous_node/autonomous_node.py
/root/robot-ros/install/autonomous_node/lib/python3.10/site-packages/autonomous_node/keyboard_control.py
/root/robot-ros/install/autonomous_node/lib/python3.10/site-packages/autonomous_node/__init__.py
/root/robot-ros/install/autonomous_node/lib/python3.10/site-packages/autonomous_node/joy_control.py
/root/robot-ros/install/autonomous_node/lib/python3.10/site-packages/autonomous_node/__pycache__/autonomous_node.cpython-310.pyc
/root/robot-ros/install/autonomous_node/lib/python3.10/site-packages/autonomous_node/__pycache__/keyboard_control.cpython-310.pyc
/root/robot-ros/install/autonomous_node/lib/python3.10/site-packages/autonomous_node/__pycache__/__init__.cpython-310.pyc
/root/robot-ros/install/autonomous_node/lib/python3.10/site-packages/autonomous_node/__pycache__/joy_control.cpython-310.pyc
/root/robot-ros/install/autonomous_node/share/ament_index/resource_index/packages/autonomous_node
/root/robot-ros/install/autonomous_node/share/autonomous_node/package.xml
/root/robot-ros/install/autonomous_node/lib/python3.10/site-packages/autonomous_node-0.0.0-py3.10.egg-info/top_level.txt
/root/robot-ros/install/autonomous_node/lib/python3.10/site-packages/autonomous_node-0.0.0-py3.10.egg-info/zip-safe
/root/robot-ros/install/autonomous_node/lib/python3.10/site-packages/autonomous_node-0.0.0-py3.10.egg-info/entry_points.txt
/root/robot-ros/install/autonomous_node/lib/python3.10/site-packages/autonomous_node-0.0.0-py3.10.egg-info/SOURCES.txt
/root/robot-ros/install/autonomous_node/lib/python3.10/site-packages/autonomous_node-0.0.0-py3.10.egg-info/requires.txt
/root/robot-ros/install/autonomous_node/lib/python3.10/site-packages/autonomous_node-0.0.0-py3.10.egg-info/PKG-INFO
/root/robot-ros/install/autonomous_node/lib/python3.10/site-packages/autonomous_node-0.0.0-py3.10.egg-info/dependency_links.txt
/root/robot-ros/install/autonomous_node/lib/autonomous_node/autonomous_node
/root/robot-ros/install/autonomous_node/lib/autonomous_node/joy_control
/root/robot-ros/install/autonomous_node/lib/autonomous_node/keyboard_control
