[2.499s] Invoking command in '/root/robot-ros/src/autonomous_node': PYTHONPATH=/root/robot-ros/build/autonomous_node/prefix_override:/root/robot-ros/install/autonomous_node/lib/python3.10/site-packages:${PYTHONPATH} /usr/bin/python3 setup.py egg_info --egg-base ../../build/autonomous_node build --build-base /root/robot-ros/build/autonomous_node/build install --record /root/robot-ros/build/autonomous_node/install.log --single-version-externally-managed
[2.871s] running egg_info
[2.872s] writing ../../build/autonomous_node/autonomous_node.egg-info/PKG-INFO
[2.872s] writing dependency_links to ../../build/autonomous_node/autonomous_node.egg-info/dependency_links.txt
[2.876s] writing entry points to ../../build/autonomous_node/autonomous_node.egg-info/entry_points.txt
[2.877s] writing requirements to ../../build/autonomous_node/autonomous_node.egg-info/requires.txt
[2.878s] writing top-level names to ../../build/autonomous_node/autonomous_node.egg-info/top_level.txt
[2.883s] reading manifest file '../../build/autonomous_node/autonomous_node.egg-info/SOURCES.txt'
[2.884s] writing manifest file '../../build/autonomous_node/autonomous_node.egg-info/SOURCES.txt'
[2.885s] running build
[2.885s] running build_py
[2.885s] copying autonomous_node/autonomous_node.py -> /root/robot-ros/build/autonomous_node/build/lib/autonomous_node
[2.886s] running install
[2.886s] /usr/lib/python3/dist-packages/setuptools/command/install.py:34: SetuptoolsDeprecationWarning: setup.py install is deprecated. Use build and pip and other standards-based tools.
[2.887s]   warnings.warn(
[2.887s] running install_lib
[2.887s] copying /root/robot-ros/build/autonomous_node/build/lib/autonomous_node/autonomous_node.py -> /root/robot-ros/install/autonomous_node/lib/python3.10/site-packages/autonomous_node
[2.889s] byte-compiling /root/robot-ros/install/autonomous_node/lib/python3.10/site-packages/autonomous_node/autonomous_node.py to autonomous_node.cpython-310.pyc
[2.889s] running install_data
[2.890s] running install_egg_info
[2.894s] removing '/root/robot-ros/install/autonomous_node/lib/python3.10/site-packages/autonomous_node-0.0.0-py3.10.egg-info' (and everything under it)
[2.894s] Copying ../../build/autonomous_node/autonomous_node.egg-info to /root/robot-ros/install/autonomous_node/lib/python3.10/site-packages/autonomous_node-0.0.0-py3.10.egg-info
[2.895s] running install_scripts
[2.931s] Installing autonomous_node script to /root/robot-ros/install/autonomous_node/lib/autonomous_node
[2.932s] writing list of installed files to '/root/robot-ros/build/autonomous_node/install.log'
[3.019s] Invoked command in '/root/robot-ros/src/autonomous_node' returned '0': PYTHONPATH=/root/robot-ros/build/autonomous_node/prefix_override:/root/robot-ros/install/autonomous_node/lib/python3.10/site-packages:${PYTHONPATH} /usr/bin/python3 setup.py egg_info --egg-base ../../build/autonomous_node build --build-base /root/robot-ros/build/autonomous_node/build install --record /root/robot-ros/build/autonomous_node/install.log --single-version-externally-managed
