[1.530s] DEBUG:colcon:Command line arguments: ['/usr/bin/colcon', 'build']
[1.530s] DEBUG:colcon:Parsed command line arguments: Namespace(log_base=None, log_level=None, verb_name='build', build_base='build', install_base='install', merge_install=False, symlink_install=False, test_result_base=None, continue_on_error=False, executor='parallel', parallel_workers=4, event_handlers=None, ignore_user_meta=False, metas=['./colcon.meta'], base_paths=['.'], packages_ignore=None, packages_ignore_regex=None, paths=None, packages_up_to=None, packages_up_to_regex=None, packages_above=None, packages_above_and_dependencies=None, packages_above_depth=None, packages_select_by_dep=None, packages_skip_by_dep=None, packages_skip_up_to=None, packages_select_build_failed=False, packages_skip_build_finished=False, packages_select_test_failures=False, packages_skip_test_passed=False, packages_select=None, packages_skip=None, packages_select_regex=None, packages_skip_regex=None, packages_start=None, packages_end=None, cmake_args=None, cmake_target=None, cmake_target_skip_unavailable=False, cmake_clean_cache=False, cmake_clean_first=False, cmake_force_configure=False, ament_cmake_args=None, catkin_cmake_args=None, catkin_skip_building_tests=False, mixin_files=None, mixin=None, verb_parser=<colcon_mixin.mixin.mixin_argument.MixinArgumentDecorator object at 0x7fff782e7670>, verb_extension=<colcon_core.verb.build.BuildVerb object at 0x7fff782e4880>, main=<bound method BuildVerb.main of <colcon_core.verb.build.BuildVerb object at 0x7fff782e4880>>, mixin_verb=('build',))
[1.592s] Level 1:colcon.colcon_core.package_discovery:discover_packages(colcon_meta) check parameters
[1.593s] INFO:colcon.colcon_metadata.package_discovery.colcon_meta:Using configuration from '/root/.colcon/metadata/default/Gazebo.meta'
[1.593s] INFO:colcon.colcon_metadata.package_discovery.colcon_meta:Using configuration from '/root/.colcon/metadata/default/fastrtps.meta'
[1.593s] Level 1:colcon.colcon_core.package_discovery:discover_packages(recursive) check parameters
[1.593s] Level 1:colcon.colcon_core.package_discovery:discover_packages(ignore) check parameters
[1.593s] Level 1:colcon.colcon_core.package_discovery:discover_packages(path) check parameters
[1.593s] Level 1:colcon.colcon_core.package_discovery:discover_packages(colcon_meta) discover
[1.594s] Level 1:colcon.colcon_core.package_discovery:discover_packages(recursive) discover
[1.594s] INFO:colcon.colcon_core.package_discovery:Crawling recursively for packages in '/root/robot-ros/src'
[1.594s] Level 1:colcon.colcon_core.package_identification:_identify(.) by extensions ['ignore', 'ignore_ament_install']
[1.594s] Level 1:colcon.colcon_core.package_identification:_identify(.) by extension 'ignore'
[1.594s] Level 1:colcon.colcon_core.package_identification:_identify(.) by extension 'ignore_ament_install'
[1.594s] Level 1:colcon.colcon_core.package_identification:_identify(.) by extensions ['colcon_pkg']
[1.594s] Level 1:colcon.colcon_core.package_identification:_identify(.) by extension 'colcon_pkg'
[1.594s] Level 1:colcon.colcon_core.package_identification:_identify(.) by extensions ['colcon_meta']
[1.594s] Level 1:colcon.colcon_core.package_identification:_identify(.) by extension 'colcon_meta'
[1.594s] Level 1:colcon.colcon_core.package_identification:_identify(.) by extensions ['ros']
[1.594s] Level 1:colcon.colcon_core.package_identification:_identify(.) by extension 'ros'
[1.637s] Level 1:colcon.colcon_core.package_identification:_identify(.) by extensions ['cmake', 'python']
[1.637s] Level 1:colcon.colcon_core.package_identification:_identify(.) by extension 'cmake'
[1.637s] Level 1:colcon.colcon_core.package_identification:_identify(.) by extension 'python'
[1.637s] Level 1:colcon.colcon_core.package_identification:_identify(.) by extensions ['python_setup_py']
[1.637s] Level 1:colcon.colcon_core.package_identification:_identify(.) by extension 'python_setup_py'
[1.637s] Level 1:colcon.colcon_core.package_identification:_identify(autonomous_node) by extensions ['ignore', 'ignore_ament_install']
[1.637s] Level 1:colcon.colcon_core.package_identification:_identify(autonomous_node) by extension 'ignore'
[1.638s] Level 1:colcon.colcon_core.package_identification:_identify(autonomous_node) by extension 'ignore_ament_install'
[1.638s] Level 1:colcon.colcon_core.package_identification:_identify(autonomous_node) by extensions ['colcon_pkg']
[1.638s] Level 1:colcon.colcon_core.package_identification:_identify(autonomous_node) by extension 'colcon_pkg'
[1.638s] Level 1:colcon.colcon_core.package_identification:_identify(autonomous_node) by extensions ['colcon_meta']
[1.638s] Level 1:colcon.colcon_core.package_identification:_identify(autonomous_node) by extension 'colcon_meta'
[1.638s] Level 1:colcon.colcon_core.package_identification:_identify(autonomous_node) by extensions ['ros']
[1.638s] Level 1:colcon.colcon_core.package_identification:_identify(autonomous_node) by extension 'ros'
[1.642s] DEBUG:colcon.colcon_core.package_identification:Package 'autonomous_node' with type 'ros.ament_python' and name 'autonomous_node'
[1.642s] Level 1:colcon.colcon_core.package_identification:_identify(build) by extensions ['ignore', 'ignore_ament_install']
[1.642s] Level 1:colcon.colcon_core.package_identification:_identify(build) by extension 'ignore'
[1.642s] Level 1:colcon.colcon_core.package_identification:_identify(build) ignored
[1.642s] Level 1:colcon.colcon_core.package_identification:_identify(influx_node) by extensions ['ignore', 'ignore_ament_install']
[1.643s] Level 1:colcon.colcon_core.package_identification:_identify(influx_node) by extension 'ignore'
[1.643s] Level 1:colcon.colcon_core.package_identification:_identify(influx_node) by extension 'ignore_ament_install'
[1.643s] Level 1:colcon.colcon_core.package_identification:_identify(influx_node) by extensions ['colcon_pkg']
[1.643s] Level 1:colcon.colcon_core.package_identification:_identify(influx_node) by extension 'colcon_pkg'
[1.643s] Level 1:colcon.colcon_core.package_identification:_identify(influx_node) by extensions ['colcon_meta']
[1.643s] Level 1:colcon.colcon_core.package_identification:_identify(influx_node) by extension 'colcon_meta'
[1.643s] Level 1:colcon.colcon_core.package_identification:_identify(influx_node) by extensions ['ros']
[1.643s] Level 1:colcon.colcon_core.package_identification:_identify(influx_node) by extension 'ros'
[1.643s] DEBUG:colcon.colcon_core.package_identification:Package 'influx_node' with type 'ros.ament_python' and name 'influx_node'
[1.644s] Level 1:colcon.colcon_core.package_identification:_identify(install) by extensions ['ignore', 'ignore_ament_install']
[1.644s] Level 1:colcon.colcon_core.package_identification:_identify(install) by extension 'ignore'
[1.644s] Level 1:colcon.colcon_core.package_identification:_identify(install) ignored
[1.644s] Level 1:colcon.colcon_core.package_identification:_identify(lidar_node) by extensions ['ignore', 'ignore_ament_install']
[1.644s] Level 1:colcon.colcon_core.package_identification:_identify(lidar_node) by extension 'ignore'
[1.644s] Level 1:colcon.colcon_core.package_identification:_identify(lidar_node) by extension 'ignore_ament_install'
[1.644s] Level 1:colcon.colcon_core.package_identification:_identify(lidar_node) by extensions ['colcon_pkg']
[1.644s] Level 1:colcon.colcon_core.package_identification:_identify(lidar_node) by extension 'colcon_pkg'
[1.644s] Level 1:colcon.colcon_core.package_identification:_identify(lidar_node) by extensions ['colcon_meta']
[1.644s] Level 1:colcon.colcon_core.package_identification:_identify(lidar_node) by extension 'colcon_meta'
[1.644s] Level 1:colcon.colcon_core.package_identification:_identify(lidar_node) by extensions ['ros']
[1.644s] Level 1:colcon.colcon_core.package_identification:_identify(lidar_node) by extension 'ros'
[1.645s] DEBUG:colcon.colcon_core.package_identification:Package 'lidar_node' with type 'ros.ament_python' and name 'lidar_node'
[1.646s] Level 1:colcon.colcon_core.package_identification:_identify(log) by extensions ['ignore', 'ignore_ament_install']
[1.646s] Level 1:colcon.colcon_core.package_identification:_identify(log) by extension 'ignore'
[1.646s] Level 1:colcon.colcon_core.package_identification:_identify(log) ignored
[1.646s] Level 1:colcon.colcon_core.package_discovery:discover_packages(recursive) using defaults
[1.646s] Level 1:colcon.colcon_core.package_discovery:discover_packages(ignore) discover
[1.646s] Level 1:colcon.colcon_core.package_discovery:discover_packages(ignore) using defaults
[1.646s] Level 1:colcon.colcon_core.package_discovery:discover_packages(path) discover
[1.646s] Level 1:colcon.colcon_core.package_discovery:discover_packages(path) using defaults
[1.744s] Level 5:colcon.colcon_core.verb:set package 'autonomous_node' build argument 'cmake_args' from command line to 'None'
[1.745s] Level 5:colcon.colcon_core.verb:set package 'autonomous_node' build argument 'cmake_target' from command line to 'None'
[1.745s] Level 5:colcon.colcon_core.verb:set package 'autonomous_node' build argument 'cmake_target_skip_unavailable' from command line to 'False'
[1.745s] Level 5:colcon.colcon_core.verb:set package 'autonomous_node' build argument 'cmake_clean_cache' from command line to 'False'
[1.745s] Level 5:colcon.colcon_core.verb:set package 'autonomous_node' build argument 'cmake_clean_first' from command line to 'False'
[1.745s] Level 5:colcon.colcon_core.verb:set package 'autonomous_node' build argument 'cmake_force_configure' from command line to 'False'
[1.745s] Level 5:colcon.colcon_core.verb:set package 'autonomous_node' build argument 'ament_cmake_args' from command line to 'None'
[1.745s] Level 5:colcon.colcon_core.verb:set package 'autonomous_node' build argument 'catkin_cmake_args' from command line to 'None'
[1.745s] Level 5:colcon.colcon_core.verb:set package 'autonomous_node' build argument 'catkin_skip_building_tests' from command line to 'False'
[1.745s] DEBUG:colcon.colcon_core.verb:Building package 'autonomous_node' with the following arguments: {'ament_cmake_args': None, 'build_base': '/root/robot-ros/src/build/autonomous_node', 'catkin_cmake_args': None, 'catkin_skip_building_tests': False, 'cmake_args': None, 'cmake_clean_cache': False, 'cmake_clean_first': False, 'cmake_force_configure': False, 'cmake_target': None, 'cmake_target_skip_unavailable': False, 'install_base': '/root/robot-ros/src/install/autonomous_node', 'merge_install': False, 'path': '/root/robot-ros/src/autonomous_node', 'symlink_install': False, 'test_result_base': None}
[1.761s] Level 5:colcon.colcon_core.verb:set package 'influx_node' build argument 'cmake_args' from command line to 'None'
[1.761s] Level 5:colcon.colcon_core.verb:set package 'influx_node' build argument 'cmake_target' from command line to 'None'
[1.761s] Level 5:colcon.colcon_core.verb:set package 'influx_node' build argument 'cmake_target_skip_unavailable' from command line to 'False'
[1.761s] Level 5:colcon.colcon_core.verb:set package 'influx_node' build argument 'cmake_clean_cache' from command line to 'False'
[1.761s] Level 5:colcon.colcon_core.verb:set package 'influx_node' build argument 'cmake_clean_first' from command line to 'False'
[1.761s] Level 5:colcon.colcon_core.verb:set package 'influx_node' build argument 'cmake_force_configure' from command line to 'False'
[1.761s] Level 5:colcon.colcon_core.verb:set package 'influx_node' build argument 'ament_cmake_args' from command line to 'None'
[1.761s] Level 5:colcon.colcon_core.verb:set package 'influx_node' build argument 'catkin_cmake_args' from command line to 'None'
[1.761s] Level 5:colcon.colcon_core.verb:set package 'influx_node' build argument 'catkin_skip_building_tests' from command line to 'False'
[1.761s] DEBUG:colcon.colcon_core.verb:Building package 'influx_node' with the following arguments: {'ament_cmake_args': None, 'build_base': '/root/robot-ros/src/build/influx_node', 'catkin_cmake_args': None, 'catkin_skip_building_tests': False, 'cmake_args': None, 'cmake_clean_cache': False, 'cmake_clean_first': False, 'cmake_force_configure': False, 'cmake_target': None, 'cmake_target_skip_unavailable': False, 'install_base': '/root/robot-ros/src/install/influx_node', 'merge_install': False, 'path': '/root/robot-ros/src/influx_node', 'symlink_install': False, 'test_result_base': None}
[1.780s] Level 5:colcon.colcon_core.verb:set package 'lidar_node' build argument 'cmake_args' from command line to 'None'
[1.781s] Level 5:colcon.colcon_core.verb:set package 'lidar_node' build argument 'cmake_target' from command line to 'None'
[1.781s] Level 5:colcon.colcon_core.verb:set package 'lidar_node' build argument 'cmake_target_skip_unavailable' from command line to 'False'
[1.781s] Level 5:colcon.colcon_core.verb:set package 'lidar_node' build argument 'cmake_clean_cache' from command line to 'False'
[1.781s] Level 5:colcon.colcon_core.verb:set package 'lidar_node' build argument 'cmake_clean_first' from command line to 'False'
[1.781s] Level 5:colcon.colcon_core.verb:set package 'lidar_node' build argument 'cmake_force_configure' from command line to 'False'
[1.781s] Level 5:colcon.colcon_core.verb:set package 'lidar_node' build argument 'ament_cmake_args' from command line to 'None'
[1.781s] Level 5:colcon.colcon_core.verb:set package 'lidar_node' build argument 'catkin_cmake_args' from command line to 'None'
[1.781s] Level 5:colcon.colcon_core.verb:set package 'lidar_node' build argument 'catkin_skip_building_tests' from command line to 'False'
[1.781s] DEBUG:colcon.colcon_core.verb:Building package 'lidar_node' with the following arguments: {'ament_cmake_args': None, 'build_base': '/root/robot-ros/src/build/lidar_node', 'catkin_cmake_args': None, 'catkin_skip_building_tests': False, 'cmake_args': None, 'cmake_clean_cache': False, 'cmake_clean_first': False, 'cmake_force_configure': False, 'cmake_target': None, 'cmake_target_skip_unavailable': False, 'install_base': '/root/robot-ros/src/install/lidar_node', 'merge_install': False, 'path': '/root/robot-ros/src/lidar_node', 'symlink_install': False, 'test_result_base': None}
[1.797s] INFO:colcon.colcon_core.executor:Executing jobs using 'parallel' executor
[1.816s] DEBUG:colcon.colcon_parallel_executor.executor.parallel:run_until_complete
[1.816s] INFO:colcon.colcon_ros.task.ament_python.build:Building ROS package in '/root/robot-ros/src/autonomous_node' with build type 'ament_python'
[1.817s] Level 1:colcon.colcon_core.shell:create_environment_hook('autonomous_node', 'ament_prefix_path')
[1.839s] INFO:colcon.colcon_core.plugin_system:Skipping extension 'colcon_core.shell.bat': Not used on non-Windows systems
[1.840s] INFO:colcon.colcon_core.shell:Creating environment hook '/root/robot-ros/src/install/autonomous_node/share/autonomous_node/hook/ament_prefix_path.ps1'
[1.841s] INFO:colcon.colcon_core.shell:Creating environment descriptor '/root/robot-ros/src/install/autonomous_node/share/autonomous_node/hook/ament_prefix_path.dsv'
[1.841s] INFO:colcon.colcon_core.shell:Creating environment hook '/root/robot-ros/src/install/autonomous_node/share/autonomous_node/hook/ament_prefix_path.sh'
[1.858s] INFO:colcon.colcon_core.shell:Skip shell extension 'powershell' for command environment: Not usable outside of PowerShell
[1.858s] DEBUG:colcon.colcon_core.shell:Skip shell extension 'dsv' for command environment
[1.954s] INFO:colcon.colcon_ros.task.ament_python.build:Building ROS package in '/root/robot-ros/src/influx_node' with build type 'ament_python'
[1.954s] Level 1:colcon.colcon_core.shell:create_environment_hook('influx_node', 'ament_prefix_path')
[1.973s] INFO:colcon.colcon_core.shell:Creating environment hook '/root/robot-ros/src/install/influx_node/share/influx_node/hook/ament_prefix_path.ps1'
[1.974s] INFO:colcon.colcon_core.shell:Creating environment descriptor '/root/robot-ros/src/install/influx_node/share/influx_node/hook/ament_prefix_path.dsv'
[1.975s] INFO:colcon.colcon_core.shell:Creating environment hook '/root/robot-ros/src/install/influx_node/share/influx_node/hook/ament_prefix_path.sh'
[1.993s] INFO:colcon.colcon_core.shell:Skip shell extension 'powershell' for command environment: Not usable outside of PowerShell
[1.993s] DEBUG:colcon.colcon_core.shell:Skip shell extension 'dsv' for command environment
[2.091s] INFO:colcon.colcon_ros.task.ament_python.build:Building ROS package in '/root/robot-ros/src/lidar_node' with build type 'ament_python'
[2.091s] Level 1:colcon.colcon_core.shell:create_environment_hook('lidar_node', 'ament_prefix_path')
[2.110s] INFO:colcon.colcon_core.shell:Creating environment hook '/root/robot-ros/src/install/lidar_node/share/lidar_node/hook/ament_prefix_path.ps1'
[2.111s] INFO:colcon.colcon_core.shell:Creating environment descriptor '/root/robot-ros/src/install/lidar_node/share/lidar_node/hook/ament_prefix_path.dsv'
[2.111s] INFO:colcon.colcon_core.shell:Creating environment hook '/root/robot-ros/src/install/lidar_node/share/lidar_node/hook/ament_prefix_path.sh'
[2.138s] INFO:colcon.colcon_core.shell:Skip shell extension 'powershell' for command environment: Not usable outside of PowerShell
[2.138s] DEBUG:colcon.colcon_core.shell:Skip shell extension 'dsv' for command environment
[2.635s] INFO:colcon.colcon_core.task.python.build:Building Python package in '/root/robot-ros/src/autonomous_node'
[2.653s] INFO:colcon.colcon_core.shell:Skip shell extension 'powershell' for command environment: Not usable outside of PowerShell
[2.654s] DEBUG:colcon.colcon_core.shell:Skip shell extension 'dsv' for command environment
[3.142s] INFO:colcon.colcon_core.task.python.build:Building Python package in '/root/robot-ros/src/influx_node'
[3.159s] INFO:colcon.colcon_core.shell:Skip shell extension 'powershell' for command environment: Not usable outside of PowerShell
[3.159s] DEBUG:colcon.colcon_core.shell:Skip shell extension 'dsv' for command environment
[3.656s] INFO:colcon.colcon_core.task.python.build:Building Python package in '/root/robot-ros/src/lidar_node'
[3.676s] INFO:colcon.colcon_core.shell:Skip shell extension 'powershell' for command environment: Not usable outside of PowerShell
[3.676s] DEBUG:colcon.colcon_core.shell:Skip shell extension 'dsv' for command environment
[4.448s] DEBUG:colcon.colcon_core.event_handler.log_command:Invoking command in '/root/robot-ros/src/lidar_node': PYTHONPATH=/root/robot-ros/src/build/lidar_node/prefix_override:/root/robot-ros/src/install/lidar_node/lib/python3.10/site-packages:${PYTHONPATH} /usr/bin/python3 setup.py egg_info --egg-base ../build/lidar_node build --build-base /root/robot-ros/src/build/lidar_node/build install --record /root/robot-ros/src/build/lidar_node/install.log --single-version-externally-managed
[4.490s] DEBUG:colcon.colcon_core.event_handler.log_command:Invoking command in '/root/robot-ros/src/autonomous_node': PYTHONPATH=/root/robot-ros/src/build/autonomous_node/prefix_override:/root/robot-ros/src/install/autonomous_node/lib/python3.10/site-packages:${PYTHONPATH} /usr/bin/python3 setup.py egg_info --egg-base ../build/autonomous_node build --build-base /root/robot-ros/src/build/autonomous_node/build install --record /root/robot-ros/src/build/autonomous_node/install.log --single-version-externally-managed
[4.599s] DEBUG:colcon.colcon_core.event_handler.log_command:Invoking command in '/root/robot-ros/src/influx_node': PYTHONPATH=/root/robot-ros/src/build/influx_node/prefix_override:/root/robot-ros/src/install/influx_node/lib/python3.10/site-packages:${PYTHONPATH} /usr/bin/python3 setup.py egg_info --egg-base ../build/influx_node build --build-base /root/robot-ros/src/build/influx_node/build install --record /root/robot-ros/src/build/influx_node/install.log --single-version-externally-managed
[5.066s] DEBUG:colcon.colcon_core.event_handler.log_command:Invoked command in '/root/robot-ros/src/autonomous_node' returned '0': PYTHONPATH=/root/robot-ros/src/build/autonomous_node/prefix_override:/root/robot-ros/src/install/autonomous_node/lib/python3.10/site-packages:${PYTHONPATH} /usr/bin/python3 setup.py egg_info --egg-base ../build/autonomous_node build --build-base /root/robot-ros/src/build/autonomous_node/build install --record /root/robot-ros/src/build/autonomous_node/install.log --single-version-externally-managed
[5.122s] Level 1:colcon.colcon_core.environment:checking '/root/robot-ros/src/install/autonomous_node' for CMake module files
[5.123s] Level 1:colcon.colcon_core.environment:checking '/root/robot-ros/src/install/autonomous_node' for CMake config files
[5.125s] Level 1:colcon.colcon_core.environment:checking '/root/robot-ros/src/install/autonomous_node/lib'
[5.125s] Level 1:colcon.colcon_core.environment:checking '/root/robot-ros/src/install/autonomous_node/bin'
[5.125s] Level 1:colcon.colcon_core.environment:checking '/root/robot-ros/src/install/autonomous_node/lib/pkgconfig/autonomous_node.pc'
[5.126s] Level 1:colcon.colcon_core.environment:checking '/root/robot-ros/src/install/autonomous_node/lib/python3.10/site-packages'
[5.126s] Level 1:colcon.colcon_core.shell:create_environment_hook('autonomous_node', 'pythonpath')
[5.168s] INFO:colcon.colcon_core.shell:Creating environment hook '/root/robot-ros/src/install/autonomous_node/share/autonomous_node/hook/pythonpath.ps1'
[5.169s] INFO:colcon.colcon_core.shell:Creating environment descriptor '/root/robot-ros/src/install/autonomous_node/share/autonomous_node/hook/pythonpath.dsv'
[5.171s] INFO:colcon.colcon_core.shell:Creating environment hook '/root/robot-ros/src/install/autonomous_node/share/autonomous_node/hook/pythonpath.sh'
[5.175s] Level 1:colcon.colcon_core.environment:checking '/root/robot-ros/src/install/autonomous_node/bin'
[5.175s] Level 1:colcon.colcon_core.environment:create_environment_scripts_only(autonomous_node)
[5.224s] INFO:colcon.colcon_core.shell:Creating package script '/root/robot-ros/src/install/autonomous_node/share/autonomous_node/package.ps1'
[5.226s] INFO:colcon.colcon_core.shell:Creating package descriptor '/root/robot-ros/src/install/autonomous_node/share/autonomous_node/package.dsv'
[5.227s] INFO:colcon.colcon_core.shell:Creating package script '/root/robot-ros/src/install/autonomous_node/share/autonomous_node/package.sh'
[5.229s] INFO:colcon.colcon_core.shell:Creating package script '/root/robot-ros/src/install/autonomous_node/share/autonomous_node/package.bash'
[5.231s] INFO:colcon.colcon_core.shell:Creating package script '/root/robot-ros/src/install/autonomous_node/share/autonomous_node/package.zsh'
[5.233s] Level 1:colcon.colcon_core.environment:create_file_with_runtime_dependencies(/root/robot-ros/src/install/autonomous_node/share/colcon-core/packages/autonomous_node)
[5.243s] DEBUG:colcon.colcon_core.event_handler.log_command:Invoked command in '/root/robot-ros/src/influx_node' returned '0': PYTHONPATH=/root/robot-ros/src/build/influx_node/prefix_override:/root/robot-ros/src/install/influx_node/lib/python3.10/site-packages:${PYTHONPATH} /usr/bin/python3 setup.py egg_info --egg-base ../build/influx_node build --build-base /root/robot-ros/src/build/influx_node/build install --record /root/robot-ros/src/build/influx_node/install.log --single-version-externally-managed
[5.265s] Level 1:colcon.colcon_core.environment:checking '/root/robot-ros/src/install/influx_node' for CMake module files
[5.266s] Level 1:colcon.colcon_core.environment:checking '/root/robot-ros/src/install/influx_node' for CMake config files
[5.266s] Level 1:colcon.colcon_core.environment:checking '/root/robot-ros/src/install/influx_node/lib'
[5.266s] Level 1:colcon.colcon_core.environment:checking '/root/robot-ros/src/install/influx_node/bin'
[5.266s] Level 1:colcon.colcon_core.environment:checking '/root/robot-ros/src/install/influx_node/lib/pkgconfig/influx_node.pc'
[5.267s] Level 1:colcon.colcon_core.environment:checking '/root/robot-ros/src/install/influx_node/lib/python3.10/site-packages'
[5.267s] Level 1:colcon.colcon_core.shell:create_environment_hook('influx_node', 'pythonpath')
[5.289s] INFO:colcon.colcon_core.shell:Creating environment hook '/root/robot-ros/src/install/influx_node/share/influx_node/hook/pythonpath.ps1'
[5.289s] INFO:colcon.colcon_core.shell:Creating environment descriptor '/root/robot-ros/src/install/influx_node/share/influx_node/hook/pythonpath.dsv'
[5.289s] INFO:colcon.colcon_core.shell:Creating environment hook '/root/robot-ros/src/install/influx_node/share/influx_node/hook/pythonpath.sh'
[5.290s] Level 1:colcon.colcon_core.environment:checking '/root/robot-ros/src/install/influx_node/bin'
[5.290s] Level 1:colcon.colcon_core.environment:create_environment_scripts_only(influx_node)
[5.309s] INFO:colcon.colcon_core.shell:Creating package script '/root/robot-ros/src/install/influx_node/share/influx_node/package.ps1'
[5.309s] INFO:colcon.colcon_core.shell:Creating package descriptor '/root/robot-ros/src/install/influx_node/share/influx_node/package.dsv'
[5.310s] INFO:colcon.colcon_core.shell:Creating package script '/root/robot-ros/src/install/influx_node/share/influx_node/package.sh'
[5.310s] INFO:colcon.colcon_core.shell:Creating package script '/root/robot-ros/src/install/influx_node/share/influx_node/package.bash'
[5.310s] INFO:colcon.colcon_core.shell:Creating package script '/root/robot-ros/src/install/influx_node/share/influx_node/package.zsh'
[5.311s] Level 1:colcon.colcon_core.environment:create_file_with_runtime_dependencies(/root/robot-ros/src/install/influx_node/share/colcon-core/packages/influx_node)
[5.315s] DEBUG:colcon.colcon_core.event_handler.log_command:Invoked command in '/root/robot-ros/src/lidar_node' returned '0': PYTHONPATH=/root/robot-ros/src/build/lidar_node/prefix_override:/root/robot-ros/src/install/lidar_node/lib/python3.10/site-packages:${PYTHONPATH} /usr/bin/python3 setup.py egg_info --egg-base ../build/lidar_node build --build-base /root/robot-ros/src/build/lidar_node/build install --record /root/robot-ros/src/build/lidar_node/install.log --single-version-externally-managed
[5.332s] Level 1:colcon.colcon_core.environment:checking '/root/robot-ros/src/install/lidar_node' for CMake module files
[5.333s] Level 1:colcon.colcon_core.environment:checking '/root/robot-ros/src/install/lidar_node' for CMake config files
[5.335s] Level 1:colcon.colcon_core.environment:checking '/root/robot-ros/src/install/lidar_node/lib'
[5.335s] Level 1:colcon.colcon_core.environment:checking '/root/robot-ros/src/install/lidar_node/bin'
[5.335s] Level 1:colcon.colcon_core.environment:checking '/root/robot-ros/src/install/lidar_node/lib/pkgconfig/lidar_node.pc'
[5.336s] Level 1:colcon.colcon_core.environment:checking '/root/robot-ros/src/install/lidar_node/lib/python3.10/site-packages'
[5.336s] Level 1:colcon.colcon_core.shell:create_environment_hook('lidar_node', 'pythonpath')
[5.355s] INFO:colcon.colcon_core.shell:Creating environment hook '/root/robot-ros/src/install/lidar_node/share/lidar_node/hook/pythonpath.ps1'
[5.355s] INFO:colcon.colcon_core.shell:Creating environment descriptor '/root/robot-ros/src/install/lidar_node/share/lidar_node/hook/pythonpath.dsv'
[5.355s] INFO:colcon.colcon_core.shell:Creating environment hook '/root/robot-ros/src/install/lidar_node/share/lidar_node/hook/pythonpath.sh'
[5.356s] Level 1:colcon.colcon_core.environment:checking '/root/robot-ros/src/install/lidar_node/bin'
[5.356s] Level 1:colcon.colcon_core.environment:create_environment_scripts_only(lidar_node)
[5.374s] INFO:colcon.colcon_core.shell:Creating package script '/root/robot-ros/src/install/lidar_node/share/lidar_node/package.ps1'
[5.375s] INFO:colcon.colcon_core.shell:Creating package descriptor '/root/robot-ros/src/install/lidar_node/share/lidar_node/package.dsv'
[5.375s] INFO:colcon.colcon_core.shell:Creating package script '/root/robot-ros/src/install/lidar_node/share/lidar_node/package.sh'
[5.376s] INFO:colcon.colcon_core.shell:Creating package script '/root/robot-ros/src/install/lidar_node/share/lidar_node/package.bash'
[5.376s] INFO:colcon.colcon_core.shell:Creating package script '/root/robot-ros/src/install/lidar_node/share/lidar_node/package.zsh'
[5.376s] Level 1:colcon.colcon_core.environment:create_file_with_runtime_dependencies(/root/robot-ros/src/install/lidar_node/share/colcon-core/packages/lidar_node)
[5.377s] DEBUG:colcon.colcon_parallel_executor.executor.parallel:closing loop
[5.377s] DEBUG:colcon.colcon_parallel_executor.executor.parallel:loop closed
[5.377s] DEBUG:colcon.colcon_parallel_executor.executor.parallel:run_until_complete finished with '0'
[5.377s] DEBUG:colcon.colcon_core.event_reactor:joining thread
[5.410s] INFO:colcon.colcon_core.plugin_system:Skipping extension 'colcon_notification.desktop_notification.notify_send': Could not find 'notify-send'
[5.410s] INFO:colcon.colcon_core.plugin_system:Skipping extension 'colcon_notification.desktop_notification.terminal_notifier': Not used on non-Darwin systems
[5.410s] INFO:colcon.colcon_core.plugin_system:Skipping extension 'colcon_notification.desktop_notification.win32': Not used on non-Windows systems
[5.410s] INFO:colcon.colcon_notification.desktop_notification:Sending desktop notification using 'notify2'
[5.412s] DEBUG:colcon.colcon_notification.desktop_notification.notify2:Failed to initialize notify2: org.freedesktop.DBus.Error.Spawn.ExecFailed: /usr/bin/dbus-launch terminated abnormally without any error message
[5.412s] DEBUG:colcon.colcon_core.event_reactor:joined thread
[5.429s] INFO:colcon.colcon_core.shell:Creating prefix script '/root/robot-ros/src/install/local_setup.ps1'
[5.431s] INFO:colcon.colcon_core.shell:Creating prefix util module '/root/robot-ros/src/install/_local_setup_util_ps1.py'
[5.433s] INFO:colcon.colcon_core.shell:Creating prefix chain script '/root/robot-ros/src/install/setup.ps1'
[5.482s] INFO:colcon.colcon_core.shell:Creating prefix script '/root/robot-ros/src/install/local_setup.sh'
[5.482s] INFO:colcon.colcon_core.shell:Creating prefix util module '/root/robot-ros/src/install/_local_setup_util_sh.py'
[5.483s] INFO:colcon.colcon_core.shell:Creating prefix chain script '/root/robot-ros/src/install/setup.sh'
[5.504s] INFO:colcon.colcon_core.shell:Creating prefix script '/root/robot-ros/src/install/local_setup.bash'
[5.505s] INFO:colcon.colcon_core.shell:Creating prefix chain script '/root/robot-ros/src/install/setup.bash'
[5.526s] INFO:colcon.colcon_core.shell:Creating prefix script '/root/robot-ros/src/install/local_setup.zsh'
[5.527s] INFO:colcon.colcon_core.shell:Creating prefix chain script '/root/robot-ros/src/install/setup.zsh'
