running egg_info
writing ../build/autonomous_node/autonomous_node.egg-info/PKG-INFO
writing dependency_links to ../build/autonomous_node/autonomous_node.egg-info/dependency_links.txt
writing entry points to ../build/autonomous_node/autonomous_node.egg-info/entry_points.txt
writing requirements to ../build/autonomous_node/autonomous_node.egg-info/requires.txt
writing top-level names to ../build/autonomous_node/autonomous_node.egg-info/top_level.txt
reading manifest file '../build/autonomous_node/autonomous_node.egg-info/SOURCES.txt'
writing manifest file '../build/autonomous_node/autonomous_node.egg-info/SOURCES.txt'
running build
running build_py
copying autonomous_node/autonomous_node.py -> /root/robot-ros/src/build/autonomous_node/build/lib/autonomous_node
running install
/usr/lib/python3/dist-packages/setuptools/command/install.py:34: SetuptoolsDeprecationWarning: setup.py install is deprecated. Use build and pip and other standards-based tools.
  warnings.warn(
running install_lib
copying /root/robot-ros/src/build/autonomous_node/build/lib/autonomous_node/autonomous_node.py -> /root/robot-ros/src/install/autonomous_node/lib/python3.10/site-packages/autonomous_node
byte-compiling /root/robot-ros/src/install/autonomous_node/lib/python3.10/site-packages/autonomous_node/autonomous_node.py to autonomous_node.cpython-310.pyc
Sorry: IndentationError: unindent does not match any outer indentation level (autonomous_node.py, line 20)
running install_data
running install_egg_info
removing '/root/robot-ros/src/install/autonomous_node/lib/python3.10/site-packages/autonomous_node-0.0.0-py3.10.egg-info' (and everything under it)
Copying ../build/autonomous_node/autonomous_node.egg-info to /root/robot-ros/src/install/autonomous_node/lib/python3.10/site-packages/autonomous_node-0.0.0-py3.10.egg-info
running install_scripts
Installing autonomous_node script to /root/robot-ros/src/install/autonomous_node/lib/autonomous_node
writing list of installed files to '/root/robot-ros/src/build/autonomous_node/install.log'
