[2.671s] Invoking command in '/root/robot-ros/src/autonomous_node': PYTHONPATH=/root/robot-ros/src/build/autonomous_node/prefix_override:/root/robot-ros/src/install/autonomous_node/lib/python3.10/site-packages:${PYTHONPATH} /usr/bin/python3 setup.py egg_info --egg-base ../build/autonomous_node build --build-base /root/robot-ros/src/build/autonomous_node/build install --record /root/robot-ros/src/build/autonomous_node/install.log --single-version-externally-managed
[3.096s] running egg_info
[3.097s] creating ../build/autonomous_node/autonomous_node.egg-info
[3.098s] writing ../build/autonomous_node/autonomous_node.egg-info/PKG-INFO
[3.098s] writing dependency_links to ../build/autonomous_node/autonomous_node.egg-info/dependency_links.txt
[3.099s] writing entry points to ../build/autonomous_node/autonomous_node.egg-info/entry_points.txt
[3.099s] writing requirements to ../build/autonomous_node/autonomous_node.egg-info/requires.txt
[3.099s] writing top-level names to ../build/autonomous_node/autonomous_node.egg-info/top_level.txt
[3.100s] writing manifest file '../build/autonomous_node/autonomous_node.egg-info/SOURCES.txt'
[3.103s] reading manifest file '../build/autonomous_node/autonomous_node.egg-info/SOURCES.txt'
[3.104s] writing manifest file '../build/autonomous_node/autonomous_node.egg-info/SOURCES.txt'
[3.104s] running build
[3.104s] running build_py
[3.104s] creating /root/robot-ros/src/build/autonomous_node/build
[3.105s] creating /root/robot-ros/src/build/autonomous_node/build/lib
[3.105s] creating /root/robot-ros/src/build/autonomous_node/build/lib/autonomous_node
[3.105s] copying autonomous_node/autonomous_node.py -> /root/robot-ros/src/build/autonomous_node/build/lib/autonomous_node
[3.105s] copying autonomous_node/__init__.py -> /root/robot-ros/src/build/autonomous_node/build/lib/autonomous_node
[3.105s] running install
[3.106s] /usr/lib/python3/dist-packages/setuptools/command/install.py:34: SetuptoolsDeprecationWarning: setup.py install is deprecated. Use build and pip and other standards-based tools.
[3.106s]   warnings.warn(
[3.106s] running install_lib
[3.107s] creating /root/robot-ros/src/install/autonomous_node/lib/python3.10/site-packages/autonomous_node
[3.108s] copying /root/robot-ros/src/build/autonomous_node/build/lib/autonomous_node/autonomous_node.py -> /root/robot-ros/src/install/autonomous_node/lib/python3.10/site-packages/autonomous_node
[3.108s] copying /root/robot-ros/src/build/autonomous_node/build/lib/autonomous_node/__init__.py -> /root/robot-ros/src/install/autonomous_node/lib/python3.10/site-packages/autonomous_node
[3.109s] byte-compiling /root/robot-ros/src/install/autonomous_node/lib/python3.10/site-packages/autonomous_node/autonomous_node.py to autonomous_node.cpython-310.pyc
[3.110s] byte-compiling /root/robot-ros/src/install/autonomous_node/lib/python3.10/site-packages/autonomous_node/__init__.py to __init__.cpython-310.pyc
[3.110s] running install_data
[3.111s] creating /root/robot-ros/src/install/autonomous_node/share/ament_index
[3.111s] creating /root/robot-ros/src/install/autonomous_node/share/ament_index/resource_index
[3.111s] creating /root/robot-ros/src/install/autonomous_node/share/ament_index/resource_index/packages
[3.111s] copying resource/autonomous_node -> /root/robot-ros/src/install/autonomous_node/share/ament_index/resource_index/packages
[3.112s] copying package.xml -> /root/robot-ros/src/install/autonomous_node/share/autonomous_node
[3.112s] running install_egg_info
[3.118s] Copying ../build/autonomous_node/autonomous_node.egg-info to /root/robot-ros/src/install/autonomous_node/lib/python3.10/site-packages/autonomous_node-0.0.0-py3.10.egg-info
[3.121s] running install_scripts
[3.160s] Installing autonomous_node script to /root/robot-ros/src/install/autonomous_node/lib/autonomous_node
[3.161s] writing list of installed files to '/root/robot-ros/src/build/autonomous_node/install.log'
[3.249s] Invoked command in '/root/robot-ros/src/autonomous_node' returned '0': PYTHONPATH=/root/robot-ros/src/build/autonomous_node/prefix_override:/root/robot-ros/src/install/autonomous_node/lib/python3.10/site-packages:${PYTHONPATH} /usr/bin/python3 setup.py egg_info --egg-base ../build/autonomous_node build --build-base /root/robot-ros/src/build/autonomous_node/build install --record /root/robot-ros/src/build/autonomous_node/install.log --single-version-externally-managed
