[2.157s] Invoking command in '/root/robot-ros/src/lidar_node': PYTHONPATH=/root/robot-ros/build/lidar_node/prefix_override:/root/robot-ros/install/lidar_node/lib/python3.10/site-packages:${PYTHONPATH} /usr/bin/python3 setup.py egg_info --egg-base ../../build/lidar_node build --build-base /root/robot-ros/build/lidar_node/build install --record /root/robot-ros/build/lidar_node/install.log --single-version-externally-managed
[2.526s] running egg_info
[2.527s] creating ../../build/lidar_node/lidar_node.egg-info
[2.528s] writing ../../build/lidar_node/lidar_node.egg-info/PKG-INFO
[2.528s] writing dependency_links to ../../build/lidar_node/lidar_node.egg-info/dependency_links.txt
[2.528s] writing entry points to ../../build/lidar_node/lidar_node.egg-info/entry_points.txt
[2.528s] writing requirements to ../../build/lidar_node/lidar_node.egg-info/requires.txt
[2.528s] writing top-level names to ../../build/lidar_node/lidar_node.egg-info/top_level.txt
[2.529s] writing manifest file '../../build/lidar_node/lidar_node.egg-info/SOURCES.txt'
[2.531s] reading manifest file '../../build/lidar_node/lidar_node.egg-info/SOURCES.txt'
[2.532s] writing manifest file '../../build/lidar_node/lidar_node.egg-info/SOURCES.txt'
[2.532s] running build
[2.533s] running build_py
[2.533s] creating /root/robot-ros/build/lidar_node/build
[2.535s] creating /root/robot-ros/build/lidar_node/build/lib
[2.536s] creating /root/robot-ros/build/lidar_node/build/lib/lidar_node
[2.536s] copying lidar_node/lidar_node.py -> /root/robot-ros/build/lidar_node/build/lib/lidar_node
[2.536s] copying lidar_node/__init__.py -> /root/robot-ros/build/lidar_node/build/lib/lidar_node
[2.536s] running install
[2.540s] /usr/lib/python3/dist-packages/setuptools/command/install.py:34: SetuptoolsDeprecationWarning: setup.py install is deprecated. Use build and pip and other standards-based tools.
[2.540s]   warnings.warn(
[2.540s] running install_lib
[2.540s] creating /root/robot-ros/install/lidar_node/lib/python3.10/site-packages/lidar_node
[2.540s] copying /root/robot-ros/build/lidar_node/build/lib/lidar_node/lidar_node.py -> /root/robot-ros/install/lidar_node/lib/python3.10/site-packages/lidar_node
[2.540s] copying /root/robot-ros/build/lidar_node/build/lib/lidar_node/__init__.py -> /root/robot-ros/install/lidar_node/lib/python3.10/site-packages/lidar_node
[2.540s] byte-compiling /root/robot-ros/install/lidar_node/lib/python3.10/site-packages/lidar_node/lidar_node.py to lidar_node.cpython-310.pyc
[2.540s] byte-compiling /root/robot-ros/install/lidar_node/lib/python3.10/site-packages/lidar_node/__init__.py to __init__.cpython-310.pyc
[2.541s] running install_data
[2.541s] creating /root/robot-ros/install/lidar_node/share/ament_index
[2.541s] creating /root/robot-ros/install/lidar_node/share/ament_index/resource_index
[2.541s] creating /root/robot-ros/install/lidar_node/share/ament_index/resource_index/packages
[2.542s] copying resource/lidar_node -> /root/robot-ros/install/lidar_node/share/ament_index/resource_index/packages
[2.542s] copying package.xml -> /root/robot-ros/install/lidar_node/share/lidar_node
[2.542s] running install_egg_info
[2.547s] Copying ../../build/lidar_node/lidar_node.egg-info to /root/robot-ros/install/lidar_node/lib/python3.10/site-packages/lidar_node-0.0.0-py3.10.egg-info
[2.547s] running install_scripts
[2.583s] Installing lidar_node script to /root/robot-ros/install/lidar_node/lib/lidar_node
[2.584s] writing list of installed files to '/root/robot-ros/build/lidar_node/install.log'
[2.742s] Invoked command in '/root/robot-ros/src/lidar_node' returned '0': PYTHONPATH=/root/robot-ros/build/lidar_node/prefix_override:/root/robot-ros/install/lidar_node/lib/python3.10/site-packages:${PYTHONPATH} /usr/bin/python3 setup.py egg_info --egg-base ../../build/lidar_node build --build-base /root/robot-ros/build/lidar_node/build install --record /root/robot-ros/build/lidar_node/install.log --single-version-externally-managed
