running egg_info
creating ../build/lidar_node/lidar_node.egg-info
writing ../build/lidar_node/lidar_node.egg-info/PKG-INFO
writing dependency_links to ../build/lidar_node/lidar_node.egg-info/dependency_links.txt
writing entry points to ../build/lidar_node/lidar_node.egg-info/entry_points.txt
writing requirements to ../build/lidar_node/lidar_node.egg-info/requires.txt
writing top-level names to ../build/lidar_node/lidar_node.egg-info/top_level.txt
writing manifest file '../build/lidar_node/lidar_node.egg-info/SOURCES.txt'
reading manifest file '../build/lidar_node/lidar_node.egg-info/SOURCES.txt'
writing manifest file '../build/lidar_node/lidar_node.egg-info/SOURCES.txt'
running build
running build_py
creating /root/robot-ros/src/build/lidar_node/build
creating /root/robot-ros/src/build/lidar_node/build/lib
creating /root/robot-ros/src/build/lidar_node/build/lib/lidar_node
copying lidar_node/lidar_node.py -> /root/robot-ros/src/build/lidar_node/build/lib/lidar_node
copying lidar_node/__init__.py -> /root/robot-ros/src/build/lidar_node/build/lib/lidar_node
running install
running install_lib
creating /root/robot-ros/src/install/lidar_node/lib/python3.10/site-packages/lidar_node
copying /root/robot-ros/src/build/lidar_node/build/lib/lidar_node/lidar_node.py -> /root/robot-ros/src/install/lidar_node/lib/python3.10/site-packages/lidar_node
copying /root/robot-ros/src/build/lidar_node/build/lib/lidar_node/__init__.py -> /root/robot-ros/src/install/lidar_node/lib/python3.10/site-packages/lidar_node
byte-compiling /root/robot-ros/src/install/lidar_node/lib/python3.10/site-packages/lidar_node/lidar_node.py to lidar_node.cpython-310.pyc
/usr/lib/python3/dist-packages/setuptools/command/install.py:34: SetuptoolsDeprecationWarning: setup.py install is deprecated. Use build and pip and other standards-based tools.
  warnings.warn(
byte-compiling /root/robot-ros/src/install/lidar_node/lib/python3.10/site-packages/lidar_node/__init__.py to __init__.cpython-310.pyc
running install_data
creating /root/robot-ros/src/install/lidar_node/share/ament_index
creating /root/robot-ros/src/install/lidar_node/share/ament_index/resource_index
creating /root/robot-ros/src/install/lidar_node/share/ament_index/resource_index/packages
copying resource/lidar_node -> /root/robot-ros/src/install/lidar_node/share/ament_index/resource_index/packages
copying package.xml -> /root/robot-ros/src/install/lidar_node/share/lidar_node
running install_egg_info
Copying ../build/lidar_node/lidar_node.egg-info to /root/robot-ros/src/install/lidar_node/lib/python3.10/site-packages/lidar_node-0.0.0-py3.10.egg-info
running install_scripts
Installing lidar_node script to /root/robot-ros/src/install/lidar_node/lib/lidar_node
writing list of installed files to '/root/robot-ros/src/build/lidar_node/install.log'
