[2.385s] Invoking command in '/root/robot-ros/src/autonomous_node': PYTHONPATH=/root/robot-ros/src/build/autonomous_node/prefix_override:/root/robot-ros/src/install/autonomous_node/lib/python3.10/site-packages:${PYTHONPATH} /usr/bin/python3 setup.py egg_info --egg-base ../build/autonomous_node build --build-base /root/robot-ros/src/build/autonomous_node/build install --record /root/robot-ros/src/build/autonomous_node/install.log --single-version-externally-managed
[2.724s] running egg_info
[2.726s] writing ../build/autonomous_node/autonomous_node.egg-info/PKG-INFO
[2.726s] writing dependency_links to ../build/autonomous_node/autonomous_node.egg-info/dependency_links.txt
[2.730s] writing entry points to ../build/autonomous_node/autonomous_node.egg-info/entry_points.txt
[2.731s] writing requirements to ../build/autonomous_node/autonomous_node.egg-info/requires.txt
[2.732s] writing top-level names to ../build/autonomous_node/autonomous_node.egg-info/top_level.txt
[2.736s] reading manifest file '../build/autonomous_node/autonomous_node.egg-info/SOURCES.txt'
[2.737s] writing manifest file '../build/autonomous_node/autonomous_node.egg-info/SOURCES.txt'
[2.739s] running build
[2.739s] running build_py
[2.739s] running install
[2.739s] /usr/lib/python3/dist-packages/setuptools/command/install.py:34: SetuptoolsDeprecationWarning: setup.py install is deprecated. Use build and pip and other standards-based tools.
[2.739s]   warnings.warn(
[2.739s] running install_lib
[2.740s] running install_data
[2.741s] running install_egg_info
[2.744s] removing '/root/robot-ros/src/install/autonomous_node/lib/python3.10/site-packages/autonomous_node-0.0.0-py3.10.egg-info' (and everything under it)
[2.744s] Copying ../build/autonomous_node/autonomous_node.egg-info to /root/robot-ros/src/install/autonomous_node/lib/python3.10/site-packages/autonomous_node-0.0.0-py3.10.egg-info
[2.745s] running install_scripts
[2.778s] Installing autonomous_node script to /root/robot-ros/src/install/autonomous_node/lib/autonomous_node
[2.779s] writing list of installed files to '/root/robot-ros/src/build/autonomous_node/install.log'
[2.875s] Invoked command in '/root/robot-ros/src/autonomous_node' returned '0': PYTHONPATH=/root/robot-ros/src/build/autonomous_node/prefix_override:/root/robot-ros/src/install/autonomous_node/lib/python3.10/site-packages:${PYTHONPATH} /usr/bin/python3 setup.py egg_info --egg-base ../build/autonomous_node build --build-base /root/robot-ros/src/build/autonomous_node/build install --record /root/robot-ros/src/build/autonomous_node/install.log --single-version-externally-managed
