[1.363s] DEBUG:colcon:Command line arguments: ['/usr/bin/colcon', 'build']
[1.363s] DEBUG:colcon:Parsed command line arguments: Namespace(log_base=None, log_level=None, verb_name='build', build_base='build', install_base='install', merge_install=False, symlink_install=False, test_result_base=None, continue_on_error=False, executor='parallel', parallel_workers=4, event_handlers=None, ignore_user_meta=False, metas=['./colcon.meta'], base_paths=['.'], packages_ignore=None, packages_ignore_regex=None, paths=None, packages_up_to=None, packages_up_to_regex=None, packages_above=None, packages_above_and_dependencies=None, packages_above_depth=None, packages_select_by_dep=None, packages_skip_by_dep=None, packages_skip_up_to=None, packages_select_build_failed=False, packages_skip_build_finished=False, packages_select_test_failures=False, packages_skip_test_passed=False, packages_select=None, packages_skip=None, packages_select_regex=None, packages_skip_regex=None, packages_start=None, packages_end=None, cmake_args=None, cmake_target=None, cmake_target_skip_unavailable=False, cmake_clean_cache=False, cmake_clean_first=False, cmake_force_configure=False, ament_cmake_args=None, catkin_cmake_args=None, catkin_skip_building_tests=False, mixin_files=None, mixin=None, verb_parser=<colcon_mixin.mixin.mixin_argument.MixinArgumentDecorator object at 0x7fff278dac50>, verb_extension=<colcon_core.verb.build.BuildVerb object at 0x7fff278d81f0>, main=<bound method BuildVerb.main of <colcon_core.verb.build.BuildVerb object at 0x7fff278d81f0>>, mixin_verb=('build',))
[1.417s] Level 1:colcon.colcon_core.package_discovery:discover_packages(colcon_meta) check parameters
[1.418s] INFO:colcon.colcon_metadata.package_discovery.colcon_meta:Using configuration from '/root/.colcon/metadata/default/Gazebo.meta'
[1.418s] INFO:colcon.colcon_metadata.package_discovery.colcon_meta:Using configuration from '/root/.colcon/metadata/default/fastrtps.meta'
[1.418s] Level 1:colcon.colcon_core.package_discovery:discover_packages(recursive) check parameters
[1.418s] Level 1:colcon.colcon_core.package_discovery:discover_packages(ignore) check parameters
[1.418s] Level 1:colcon.colcon_core.package_discovery:discover_packages(path) check parameters
[1.418s] Level 1:colcon.colcon_core.package_discovery:discover_packages(colcon_meta) discover
[1.419s] Level 1:colcon.colcon_core.package_discovery:discover_packages(recursive) discover
[1.419s] INFO:colcon.colcon_core.package_discovery:Crawling recursively for packages in '/root/robot-ros/src'
[1.419s] Level 1:colcon.colcon_core.package_identification:_identify(.) by extensions ['ignore', 'ignore_ament_install']
[1.419s] Level 1:colcon.colcon_core.package_identification:_identify(.) by extension 'ignore'
[1.419s] Level 1:colcon.colcon_core.package_identification:_identify(.) by extension 'ignore_ament_install'
[1.419s] Level 1:colcon.colcon_core.package_identification:_identify(.) by extensions ['colcon_pkg']
[1.419s] Level 1:colcon.colcon_core.package_identification:_identify(.) by extension 'colcon_pkg'
[1.419s] Level 1:colcon.colcon_core.package_identification:_identify(.) by extensions ['colcon_meta']
[1.419s] Level 1:colcon.colcon_core.package_identification:_identify(.) by extension 'colcon_meta'
[1.419s] Level 1:colcon.colcon_core.package_identification:_identify(.) by extensions ['ros']
[1.419s] Level 1:colcon.colcon_core.package_identification:_identify(.) by extension 'ros'
[1.452s] Level 1:colcon.colcon_core.package_identification:_identify(.) by extensions ['cmake', 'python']
[1.452s] Level 1:colcon.colcon_core.package_identification:_identify(.) by extension 'cmake'
[1.452s] Level 1:colcon.colcon_core.package_identification:_identify(.) by extension 'python'
[1.452s] Level 1:colcon.colcon_core.package_identification:_identify(.) by extensions ['python_setup_py']
[1.452s] Level 1:colcon.colcon_core.package_identification:_identify(.) by extension 'python_setup_py'
[1.453s] Level 1:colcon.colcon_core.package_identification:_identify(autonomous_node) by extensions ['ignore', 'ignore_ament_install']
[1.453s] Level 1:colcon.colcon_core.package_identification:_identify(autonomous_node) by extension 'ignore'
[1.453s] Level 1:colcon.colcon_core.package_identification:_identify(autonomous_node) by extension 'ignore_ament_install'
[1.453s] Level 1:colcon.colcon_core.package_identification:_identify(autonomous_node) by extensions ['colcon_pkg']
[1.453s] Level 1:colcon.colcon_core.package_identification:_identify(autonomous_node) by extension 'colcon_pkg'
[1.453s] Level 1:colcon.colcon_core.package_identification:_identify(autonomous_node) by extensions ['colcon_meta']
[1.453s] Level 1:colcon.colcon_core.package_identification:_identify(autonomous_node) by extension 'colcon_meta'
[1.453s] Level 1:colcon.colcon_core.package_identification:_identify(autonomous_node) by extensions ['ros']
[1.453s] Level 1:colcon.colcon_core.package_identification:_identify(autonomous_node) by extension 'ros'
[1.457s] DEBUG:colcon.colcon_core.package_identification:Package 'autonomous_node' with type 'ros.ament_python' and name 'autonomous_node'
[1.457s] Level 1:colcon.colcon_core.package_identification:_identify(build) by extensions ['ignore', 'ignore_ament_install']
[1.457s] Level 1:colcon.colcon_core.package_identification:_identify(build) by extension 'ignore'
[1.457s] Level 1:colcon.colcon_core.package_identification:_identify(build) ignored
[1.457s] Level 1:colcon.colcon_core.package_identification:_identify(influx_node) by extensions ['ignore', 'ignore_ament_install']
[1.457s] Level 1:colcon.colcon_core.package_identification:_identify(influx_node) by extension 'ignore'
[1.457s] Level 1:colcon.colcon_core.package_identification:_identify(influx_node) by extension 'ignore_ament_install'
[1.458s] Level 1:colcon.colcon_core.package_identification:_identify(influx_node) by extensions ['colcon_pkg']
[1.458s] Level 1:colcon.colcon_core.package_identification:_identify(influx_node) by extension 'colcon_pkg'
[1.458s] Level 1:colcon.colcon_core.package_identification:_identify(influx_node) by extensions ['colcon_meta']
[1.458s] Level 1:colcon.colcon_core.package_identification:_identify(influx_node) by extension 'colcon_meta'
[1.458s] Level 1:colcon.colcon_core.package_identification:_identify(influx_node) by extensions ['ros']
[1.458s] Level 1:colcon.colcon_core.package_identification:_identify(influx_node) by extension 'ros'
[1.458s] DEBUG:colcon.colcon_core.package_identification:Package 'influx_node' with type 'ros.ament_python' and name 'influx_node'
[1.458s] Level 1:colcon.colcon_core.package_identification:_identify(install) by extensions ['ignore', 'ignore_ament_install']
[1.459s] Level 1:colcon.colcon_core.package_identification:_identify(install) by extension 'ignore'
[1.459s] Level 1:colcon.colcon_core.package_identification:_identify(install) ignored
[1.459s] Level 1:colcon.colcon_core.package_identification:_identify(lidar_node) by extensions ['ignore', 'ignore_ament_install']
[1.459s] Level 1:colcon.colcon_core.package_identification:_identify(lidar_node) by extension 'ignore'
[1.459s] Level 1:colcon.colcon_core.package_identification:_identify(lidar_node) by extension 'ignore_ament_install'
[1.459s] Level 1:colcon.colcon_core.package_identification:_identify(lidar_node) by extensions ['colcon_pkg']
[1.459s] Level 1:colcon.colcon_core.package_identification:_identify(lidar_node) by extension 'colcon_pkg'
[1.459s] Level 1:colcon.colcon_core.package_identification:_identify(lidar_node) by extensions ['colcon_meta']
[1.459s] Level 1:colcon.colcon_core.package_identification:_identify(lidar_node) by extension 'colcon_meta'
[1.459s] Level 1:colcon.colcon_core.package_identification:_identify(lidar_node) by extensions ['ros']
[1.459s] Level 1:colcon.colcon_core.package_identification:_identify(lidar_node) by extension 'ros'
[1.460s] DEBUG:colcon.colcon_core.package_identification:Package 'lidar_node' with type 'ros.ament_python' and name 'lidar_node'
[1.460s] Level 1:colcon.colcon_core.package_identification:_identify(log) by extensions ['ignore', 'ignore_ament_install']
[1.460s] Level 1:colcon.colcon_core.package_identification:_identify(log) by extension 'ignore'
[1.460s] Level 1:colcon.colcon_core.package_identification:_identify(log) ignored
[1.460s] Level 1:colcon.colcon_core.package_discovery:discover_packages(recursive) using defaults
[1.460s] Level 1:colcon.colcon_core.package_discovery:discover_packages(ignore) discover
[1.460s] Level 1:colcon.colcon_core.package_discovery:discover_packages(ignore) using defaults
[1.460s] Level 1:colcon.colcon_core.package_discovery:discover_packages(path) discover
[1.460s] Level 1:colcon.colcon_core.package_discovery:discover_packages(path) using defaults
[1.546s] Level 5:colcon.colcon_core.verb:set package 'autonomous_node' build argument 'cmake_args' from command line to 'None'
[1.546s] Level 5:colcon.colcon_core.verb:set package 'autonomous_node' build argument 'cmake_target' from command line to 'None'
[1.547s] Level 5:colcon.colcon_core.verb:set package 'autonomous_node' build argument 'cmake_target_skip_unavailable' from command line to 'False'
[1.547s] Level 5:colcon.colcon_core.verb:set package 'autonomous_node' build argument 'cmake_clean_cache' from command line to 'False'
[1.547s] Level 5:colcon.colcon_core.verb:set package 'autonomous_node' build argument 'cmake_clean_first' from command line to 'False'
[1.547s] Level 5:colcon.colcon_core.verb:set package 'autonomous_node' build argument 'cmake_force_configure' from command line to 'False'
[1.547s] Level 5:colcon.colcon_core.verb:set package 'autonomous_node' build argument 'ament_cmake_args' from command line to 'None'
[1.547s] Level 5:colcon.colcon_core.verb:set package 'autonomous_node' build argument 'catkin_cmake_args' from command line to 'None'
[1.547s] Level 5:colcon.colcon_core.verb:set package 'autonomous_node' build argument 'catkin_skip_building_tests' from command line to 'False'
[1.547s] DEBUG:colcon.colcon_core.verb:Building package 'autonomous_node' with the following arguments: {'ament_cmake_args': None, 'build_base': '/root/robot-ros/src/build/autonomous_node', 'catkin_cmake_args': None, 'catkin_skip_building_tests': False, 'cmake_args': None, 'cmake_clean_cache': False, 'cmake_clean_first': False, 'cmake_force_configure': False, 'cmake_target': None, 'cmake_target_skip_unavailable': False, 'install_base': '/root/robot-ros/src/install/autonomous_node', 'merge_install': False, 'path': '/root/robot-ros/src/autonomous_node', 'symlink_install': False, 'test_result_base': None}
[1.562s] Level 5:colcon.colcon_core.verb:set package 'influx_node' build argument 'cmake_args' from command line to 'None'
[1.562s] Level 5:colcon.colcon_core.verb:set package 'influx_node' build argument 'cmake_target' from command line to 'None'
[1.562s] Level 5:colcon.colcon_core.verb:set package 'influx_node' build argument 'cmake_target_skip_unavailable' from command line to 'False'
[1.562s] Level 5:colcon.colcon_core.verb:set package 'influx_node' build argument 'cmake_clean_cache' from command line to 'False'
[1.562s] Level 5:colcon.colcon_core.verb:set package 'influx_node' build argument 'cmake_clean_first' from command line to 'False'
[1.562s] Level 5:colcon.colcon_core.verb:set package 'influx_node' build argument 'cmake_force_configure' from command line to 'False'
[1.562s] Level 5:colcon.colcon_core.verb:set package 'influx_node' build argument 'ament_cmake_args' from command line to 'None'
[1.562s] Level 5:colcon.colcon_core.verb:set package 'influx_node' build argument 'catkin_cmake_args' from command line to 'None'
[1.562s] Level 5:colcon.colcon_core.verb:set package 'influx_node' build argument 'catkin_skip_building_tests' from command line to 'False'
[1.562s] DEBUG:colcon.colcon_core.verb:Building package 'influx_node' with the following arguments: {'ament_cmake_args': None, 'build_base': '/root/robot-ros/src/build/influx_node', 'catkin_cmake_args': None, 'catkin_skip_building_tests': False, 'cmake_args': None, 'cmake_clean_cache': False, 'cmake_clean_first': False, 'cmake_force_configure': False, 'cmake_target': None, 'cmake_target_skip_unavailable': False, 'install_base': '/root/robot-ros/src/install/influx_node', 'merge_install': False, 'path': '/root/robot-ros/src/influx_node', 'symlink_install': False, 'test_result_base': None}
[1.578s] Level 5:colcon.colcon_core.verb:set package 'lidar_node' build argument 'cmake_args' from command line to 'None'
[1.578s] Level 5:colcon.colcon_core.verb:set package 'lidar_node' build argument 'cmake_target' from command line to 'None'
[1.578s] Level 5:colcon.colcon_core.verb:set package 'lidar_node' build argument 'cmake_target_skip_unavailable' from command line to 'False'
[1.579s] Level 5:colcon.colcon_core.verb:set package 'lidar_node' build argument 'cmake_clean_cache' from command line to 'False'
[1.579s] Level 5:colcon.colcon_core.verb:set package 'lidar_node' build argument 'cmake_clean_first' from command line to 'False'
[1.579s] Level 5:colcon.colcon_core.verb:set package 'lidar_node' build argument 'cmake_force_configure' from command line to 'False'
[1.579s] Level 5:colcon.colcon_core.verb:set package 'lidar_node' build argument 'ament_cmake_args' from command line to 'None'
[1.579s] Level 5:colcon.colcon_core.verb:set package 'lidar_node' build argument 'catkin_cmake_args' from command line to 'None'
[1.579s] Level 5:colcon.colcon_core.verb:set package 'lidar_node' build argument 'catkin_skip_building_tests' from command line to 'False'
[1.579s] DEBUG:colcon.colcon_core.verb:Building package 'lidar_node' with the following arguments: {'ament_cmake_args': None, 'build_base': '/root/robot-ros/src/build/lidar_node', 'catkin_cmake_args': None, 'catkin_skip_building_tests': False, 'cmake_args': None, 'cmake_clean_cache': False, 'cmake_clean_first': False, 'cmake_force_configure': False, 'cmake_target': None, 'cmake_target_skip_unavailable': False, 'install_base': '/root/robot-ros/src/install/lidar_node', 'merge_install': False, 'path': '/root/robot-ros/src/lidar_node', 'symlink_install': False, 'test_result_base': None}
[1.594s] INFO:colcon.colcon_core.executor:Executing jobs using 'parallel' executor
[1.610s] DEBUG:colcon.colcon_parallel_executor.executor.parallel:run_until_complete
[1.611s] INFO:colcon.colcon_ros.task.ament_python.build:Building ROS package in '/root/robot-ros/src/autonomous_node' with build type 'ament_python'
[1.611s] Level 1:colcon.colcon_core.shell:create_environment_hook('autonomous_node', 'ament_prefix_path')
[1.633s] INFO:colcon.colcon_core.plugin_system:Skipping extension 'colcon_core.shell.bat': Not used on non-Windows systems
[1.633s] INFO:colcon.colcon_core.shell:Creating environment hook '/root/robot-ros/src/install/autonomous_node/share/autonomous_node/hook/ament_prefix_path.ps1'
[1.635s] INFO:colcon.colcon_core.shell:Creating environment descriptor '/root/robot-ros/src/install/autonomous_node/share/autonomous_node/hook/ament_prefix_path.dsv'
[1.638s] INFO:colcon.colcon_core.shell:Creating environment hook '/root/robot-ros/src/install/autonomous_node/share/autonomous_node/hook/ament_prefix_path.sh'
[1.655s] INFO:colcon.colcon_core.shell:Skip shell extension 'powershell' for command environment: Not usable outside of PowerShell
[1.655s] DEBUG:colcon.colcon_core.shell:Skip shell extension 'dsv' for command environment
[1.759s] INFO:colcon.colcon_ros.task.ament_python.build:Building ROS package in '/root/robot-ros/src/influx_node' with build type 'ament_python'
[1.760s] Level 1:colcon.colcon_core.shell:create_environment_hook('influx_node', 'ament_prefix_path')
[1.777s] INFO:colcon.colcon_core.shell:Creating environment hook '/root/robot-ros/src/install/influx_node/share/influx_node/hook/ament_prefix_path.ps1'
[1.778s] INFO:colcon.colcon_core.shell:Creating environment descriptor '/root/robot-ros/src/install/influx_node/share/influx_node/hook/ament_prefix_path.dsv'
[1.779s] INFO:colcon.colcon_core.shell:Creating environment hook '/root/robot-ros/src/install/influx_node/share/influx_node/hook/ament_prefix_path.sh'
[1.797s] INFO:colcon.colcon_core.shell:Skip shell extension 'powershell' for command environment: Not usable outside of PowerShell
[1.797s] DEBUG:colcon.colcon_core.shell:Skip shell extension 'dsv' for command environment
[1.900s] INFO:colcon.colcon_ros.task.ament_python.build:Building ROS package in '/root/robot-ros/src/lidar_node' with build type 'ament_python'
[1.900s] Level 1:colcon.colcon_core.shell:create_environment_hook('lidar_node', 'ament_prefix_path')
[1.918s] INFO:colcon.colcon_core.shell:Creating environment hook '/root/robot-ros/src/install/lidar_node/share/lidar_node/hook/ament_prefix_path.ps1'
[1.919s] INFO:colcon.colcon_core.shell:Creating environment descriptor '/root/robot-ros/src/install/lidar_node/share/lidar_node/hook/ament_prefix_path.dsv'
[1.920s] INFO:colcon.colcon_core.shell:Creating environment hook '/root/robot-ros/src/install/lidar_node/share/lidar_node/hook/ament_prefix_path.sh'
[1.937s] INFO:colcon.colcon_core.shell:Skip shell extension 'powershell' for command environment: Not usable outside of PowerShell
[1.937s] DEBUG:colcon.colcon_core.shell:Skip shell extension 'dsv' for command environment
[2.383s] INFO:colcon.colcon_core.task.python.build:Building Python package in '/root/robot-ros/src/autonomous_node'
[2.399s] INFO:colcon.colcon_core.shell:Skip shell extension 'powershell' for command environment: Not usable outside of PowerShell
[2.399s] DEBUG:colcon.colcon_core.shell:Skip shell extension 'dsv' for command environment
[2.856s] INFO:colcon.colcon_core.task.python.build:Building Python package in '/root/robot-ros/src/influx_node'
[2.872s] INFO:colcon.colcon_core.shell:Skip shell extension 'powershell' for command environment: Not usable outside of PowerShell
[2.872s] DEBUG:colcon.colcon_core.shell:Skip shell extension 'dsv' for command environment
[3.316s] INFO:colcon.colcon_core.task.python.build:Building Python package in '/root/robot-ros/src/lidar_node'
[3.336s] INFO:colcon.colcon_core.shell:Skip shell extension 'powershell' for command environment: Not usable outside of PowerShell
[3.336s] DEBUG:colcon.colcon_core.shell:Skip shell extension 'dsv' for command environment
[3.984s] DEBUG:colcon.colcon_core.event_handler.log_command:Invoking command in '/root/robot-ros/src/influx_node': PYTHONPATH=/root/robot-ros/src/build/influx_node/prefix_override:/root/robot-ros/src/install/influx_node/lib/python3.10/site-packages:${PYTHONPATH} /usr/bin/python3 setup.py egg_info --egg-base ../build/influx_node build --build-base /root/robot-ros/src/build/influx_node/build install --record /root/robot-ros/src/build/influx_node/install.log --single-version-externally-managed
[3.996s] DEBUG:colcon.colcon_core.event_handler.log_command:Invoking command in '/root/robot-ros/src/autonomous_node': PYTHONPATH=/root/robot-ros/src/build/autonomous_node/prefix_override:/root/robot-ros/src/install/autonomous_node/lib/python3.10/site-packages:${PYTHONPATH} /usr/bin/python3 setup.py egg_info --egg-base ../build/autonomous_node build --build-base /root/robot-ros/src/build/autonomous_node/build install --record /root/robot-ros/src/build/autonomous_node/install.log --single-version-externally-managed
[4.005s] DEBUG:colcon.colcon_core.event_handler.log_command:Invoking command in '/root/robot-ros/src/lidar_node': PYTHONPATH=/root/robot-ros/src/build/lidar_node/prefix_override:/root/robot-ros/src/install/lidar_node/lib/python3.10/site-packages:${PYTHONPATH} /usr/bin/python3 setup.py egg_info --egg-base ../build/lidar_node build --build-base /root/robot-ros/src/build/lidar_node/build install --record /root/robot-ros/src/build/lidar_node/install.log --single-version-externally-managed
[4.486s] DEBUG:colcon.colcon_core.event_handler.log_command:Invoked command in '/root/robot-ros/src/autonomous_node' returned '0': PYTHONPATH=/root/robot-ros/src/build/autonomous_node/prefix_override:/root/robot-ros/src/install/autonomous_node/lib/python3.10/site-packages:${PYTHONPATH} /usr/bin/python3 setup.py egg_info --egg-base ../build/autonomous_node build --build-base /root/robot-ros/src/build/autonomous_node/build install --record /root/robot-ros/src/build/autonomous_node/install.log --single-version-externally-managed
[4.508s] Level 1:colcon.colcon_core.environment:checking '/root/robot-ros/src/install/autonomous_node' for CMake module files
[4.509s] Level 1:colcon.colcon_core.environment:checking '/root/robot-ros/src/install/autonomous_node' for CMake config files
[4.510s] Level 1:colcon.colcon_core.environment:checking '/root/robot-ros/src/install/autonomous_node/lib'
[4.510s] Level 1:colcon.colcon_core.environment:checking '/root/robot-ros/src/install/autonomous_node/bin'
[4.510s] Level 1:colcon.colcon_core.environment:checking '/root/robot-ros/src/install/autonomous_node/lib/pkgconfig/autonomous_node.pc'
[4.510s] Level 1:colcon.colcon_core.environment:checking '/root/robot-ros/src/install/autonomous_node/lib/python3.10/site-packages'
[4.510s] Level 1:colcon.colcon_core.shell:create_environment_hook('autonomous_node', 'pythonpath')
[4.527s] INFO:colcon.colcon_core.shell:Creating environment hook '/root/robot-ros/src/install/autonomous_node/share/autonomous_node/hook/pythonpath.ps1'
[4.527s] INFO:colcon.colcon_core.shell:Creating environment descriptor '/root/robot-ros/src/install/autonomous_node/share/autonomous_node/hook/pythonpath.dsv'
[4.529s] INFO:colcon.colcon_core.shell:Creating environment hook '/root/robot-ros/src/install/autonomous_node/share/autonomous_node/hook/pythonpath.sh'
[4.530s] Level 1:colcon.colcon_core.environment:checking '/root/robot-ros/src/install/autonomous_node/bin'
[4.530s] Level 1:colcon.colcon_core.environment:create_environment_scripts_only(autonomous_node)
[4.547s] INFO:colcon.colcon_core.shell:Creating package script '/root/robot-ros/src/install/autonomous_node/share/autonomous_node/package.ps1'
[4.548s] INFO:colcon.colcon_core.shell:Creating package descriptor '/root/robot-ros/src/install/autonomous_node/share/autonomous_node/package.dsv'
[4.550s] INFO:colcon.colcon_core.shell:Creating package script '/root/robot-ros/src/install/autonomous_node/share/autonomous_node/package.sh'
[4.551s] INFO:colcon.colcon_core.shell:Creating package script '/root/robot-ros/src/install/autonomous_node/share/autonomous_node/package.bash'
[4.552s] INFO:colcon.colcon_core.shell:Creating package script '/root/robot-ros/src/install/autonomous_node/share/autonomous_node/package.zsh'
[4.553s] Level 1:colcon.colcon_core.environment:create_file_with_runtime_dependencies(/root/robot-ros/src/install/autonomous_node/share/colcon-core/packages/autonomous_node)
[4.560s] DEBUG:colcon.colcon_core.event_handler.log_command:Invoked command in '/root/robot-ros/src/lidar_node' returned '0': PYTHONPATH=/root/robot-ros/src/build/lidar_node/prefix_override:/root/robot-ros/src/install/lidar_node/lib/python3.10/site-packages:${PYTHONPATH} /usr/bin/python3 setup.py egg_info --egg-base ../build/lidar_node build --build-base /root/robot-ros/src/build/lidar_node/build install --record /root/robot-ros/src/build/lidar_node/install.log --single-version-externally-managed
[4.576s] Level 1:colcon.colcon_core.environment:checking '/root/robot-ros/src/install/lidar_node' for CMake module files
[4.577s] Level 1:colcon.colcon_core.environment:checking '/root/robot-ros/src/install/lidar_node' for CMake config files
[4.578s] Level 1:colcon.colcon_core.environment:checking '/root/robot-ros/src/install/lidar_node/lib'
[4.578s] Level 1:colcon.colcon_core.environment:checking '/root/robot-ros/src/install/lidar_node/bin'
[4.578s] Level 1:colcon.colcon_core.environment:checking '/root/robot-ros/src/install/lidar_node/lib/pkgconfig/lidar_node.pc'
[4.578s] Level 1:colcon.colcon_core.environment:checking '/root/robot-ros/src/install/lidar_node/lib/python3.10/site-packages'
[4.579s] Level 1:colcon.colcon_core.shell:create_environment_hook('lidar_node', 'pythonpath')
[4.595s] INFO:colcon.colcon_core.shell:Creating environment hook '/root/robot-ros/src/install/lidar_node/share/lidar_node/hook/pythonpath.ps1'
[4.595s] INFO:colcon.colcon_core.shell:Creating environment descriptor '/root/robot-ros/src/install/lidar_node/share/lidar_node/hook/pythonpath.dsv'
[4.599s] INFO:colcon.colcon_core.shell:Creating environment hook '/root/robot-ros/src/install/lidar_node/share/lidar_node/hook/pythonpath.sh'
[4.600s] Level 1:colcon.colcon_core.environment:checking '/root/robot-ros/src/install/lidar_node/bin'
[4.600s] Level 1:colcon.colcon_core.environment:create_environment_scripts_only(lidar_node)
[4.616s] INFO:colcon.colcon_core.shell:Creating package script '/root/robot-ros/src/install/lidar_node/share/lidar_node/package.ps1'
[4.617s] INFO:colcon.colcon_core.shell:Creating package descriptor '/root/robot-ros/src/install/lidar_node/share/lidar_node/package.dsv'
[4.618s] INFO:colcon.colcon_core.shell:Creating package script '/root/robot-ros/src/install/lidar_node/share/lidar_node/package.sh'
[4.620s] INFO:colcon.colcon_core.shell:Creating package script '/root/robot-ros/src/install/lidar_node/share/lidar_node/package.bash'
[4.621s] INFO:colcon.colcon_core.shell:Creating package script '/root/robot-ros/src/install/lidar_node/share/lidar_node/package.zsh'
[4.622s] Level 1:colcon.colcon_core.environment:create_file_with_runtime_dependencies(/root/robot-ros/src/install/lidar_node/share/colcon-core/packages/lidar_node)
[4.625s] DEBUG:colcon.colcon_core.event_handler.log_command:Invoked command in '/root/robot-ros/src/influx_node' returned '0': PYTHONPATH=/root/robot-ros/src/build/influx_node/prefix_override:/root/robot-ros/src/install/influx_node/lib/python3.10/site-packages:${PYTHONPATH} /usr/bin/python3 setup.py egg_info --egg-base ../build/influx_node build --build-base /root/robot-ros/src/build/influx_node/build install --record /root/robot-ros/src/build/influx_node/install.log --single-version-externally-managed
[4.671s] Level 1:colcon.colcon_core.environment:checking '/root/robot-ros/src/install/influx_node' for CMake module files
[4.672s] Level 1:colcon.colcon_core.environment:checking '/root/robot-ros/src/install/influx_node' for CMake config files
[4.672s] Level 1:colcon.colcon_core.environment:checking '/root/robot-ros/src/install/influx_node/lib'
[4.672s] Level 1:colcon.colcon_core.environment:checking '/root/robot-ros/src/install/influx_node/bin'
[4.672s] Level 1:colcon.colcon_core.environment:checking '/root/robot-ros/src/install/influx_node/lib/pkgconfig/influx_node.pc'
[4.673s] Level 1:colcon.colcon_core.environment:checking '/root/robot-ros/src/install/influx_node/lib/python3.10/site-packages'
[4.673s] Level 1:colcon.colcon_core.shell:create_environment_hook('influx_node', 'pythonpath')
[4.689s] INFO:colcon.colcon_core.shell:Creating environment hook '/root/robot-ros/src/install/influx_node/share/influx_node/hook/pythonpath.ps1'
[4.689s] INFO:colcon.colcon_core.shell:Creating environment descriptor '/root/robot-ros/src/install/influx_node/share/influx_node/hook/pythonpath.dsv'
[4.691s] INFO:colcon.colcon_core.shell:Creating environment hook '/root/robot-ros/src/install/influx_node/share/influx_node/hook/pythonpath.sh'
[4.692s] Level 1:colcon.colcon_core.environment:checking '/root/robot-ros/src/install/influx_node/bin'
[4.692s] Level 1:colcon.colcon_core.environment:create_environment_scripts_only(influx_node)
[4.708s] INFO:colcon.colcon_core.shell:Creating package script '/root/robot-ros/src/install/influx_node/share/influx_node/package.ps1'
[4.708s] INFO:colcon.colcon_core.shell:Creating package descriptor '/root/robot-ros/src/install/influx_node/share/influx_node/package.dsv'
[4.709s] INFO:colcon.colcon_core.shell:Creating package script '/root/robot-ros/src/install/influx_node/share/influx_node/package.sh'
[4.711s] INFO:colcon.colcon_core.shell:Creating package script '/root/robot-ros/src/install/influx_node/share/influx_node/package.bash'
[4.716s] INFO:colcon.colcon_core.shell:Creating package script '/root/robot-ros/src/install/influx_node/share/influx_node/package.zsh'
[4.717s] Level 1:colcon.colcon_core.environment:create_file_with_runtime_dependencies(/root/robot-ros/src/install/influx_node/share/colcon-core/packages/influx_node)
[4.718s] DEBUG:colcon.colcon_parallel_executor.executor.parallel:closing loop
[4.718s] DEBUG:colcon.colcon_parallel_executor.executor.parallel:loop closed
[4.718s] DEBUG:colcon.colcon_parallel_executor.executor.parallel:run_until_complete finished with '0'
[4.718s] DEBUG:colcon.colcon_core.event_reactor:joining thread
[4.749s] INFO:colcon.colcon_core.plugin_system:Skipping extension 'colcon_notification.desktop_notification.notify_send': Could not find 'notify-send'
[4.750s] INFO:colcon.colcon_core.plugin_system:Skipping extension 'colcon_notification.desktop_notification.terminal_notifier': Not used on non-Darwin systems
[4.750s] INFO:colcon.colcon_core.plugin_system:Skipping extension 'colcon_notification.desktop_notification.win32': Not used on non-Windows systems
[4.750s] INFO:colcon.colcon_notification.desktop_notification:Sending desktop notification using 'notify2'
[4.751s] DEBUG:colcon.colcon_notification.desktop_notification.notify2:Failed to initialize notify2: org.freedesktop.DBus.Error.Spawn.ExecFailed: /usr/bin/dbus-launch terminated abnormally without any error message
[4.752s] DEBUG:colcon.colcon_core.event_reactor:joined thread
[4.768s] INFO:colcon.colcon_core.shell:Creating prefix script '/root/robot-ros/src/install/local_setup.ps1'
[4.770s] INFO:colcon.colcon_core.shell:Creating prefix util module '/root/robot-ros/src/install/_local_setup_util_ps1.py'
[4.771s] INFO:colcon.colcon_core.shell:Creating prefix chain script '/root/robot-ros/src/install/setup.ps1'
[4.790s] INFO:colcon.colcon_core.shell:Creating prefix script '/root/robot-ros/src/install/local_setup.sh'
[4.791s] INFO:colcon.colcon_core.shell:Creating prefix util module '/root/robot-ros/src/install/_local_setup_util_sh.py'
[4.792s] INFO:colcon.colcon_core.shell:Creating prefix chain script '/root/robot-ros/src/install/setup.sh'
[4.810s] INFO:colcon.colcon_core.shell:Creating prefix script '/root/robot-ros/src/install/local_setup.bash'
[4.812s] INFO:colcon.colcon_core.shell:Creating prefix chain script '/root/robot-ros/src/install/setup.bash'
[4.830s] INFO:colcon.colcon_core.shell:Creating prefix script '/root/robot-ros/src/install/local_setup.zsh'
[4.830s] INFO:colcon.colcon_core.shell:Creating prefix chain script '/root/robot-ros/src/install/setup.zsh'
