[1.141s] Invoking command in '/root/robot-ros/src/autonomous_node': PYTHONPATH=/root/robot-ros/src/build/autonomous_node/prefix_override:/root/robot-ros/src/install/autonomous_node/lib/python3.10/site-packages:${PYTHONPATH} /usr/bin/python3 setup.py egg_info --egg-base ../build/autonomous_node build --build-base /root/robot-ros/src/build/autonomous_node/build install --record /root/robot-ros/src/build/autonomous_node/install.log --single-version-externally-managed
[1.458s] running egg_info
[1.458s] writing ../build/autonomous_node/autonomous_node.egg-info/PKG-INFO
[1.459s] writing dependency_links to ../build/autonomous_node/autonomous_node.egg-info/dependency_links.txt
[1.462s] writing entry points to ../build/autonomous_node/autonomous_node.egg-info/entry_points.txt
[1.463s] writing requirements to ../build/autonomous_node/autonomous_node.egg-info/requires.txt
[1.464s] writing top-level names to ../build/autonomous_node/autonomous_node.egg-info/top_level.txt
[1.469s] reading manifest file '../build/autonomous_node/autonomous_node.egg-info/SOURCES.txt'
[1.469s] writing manifest file '../build/autonomous_node/autonomous_node.egg-info/SOURCES.txt'
[1.469s] running build
[1.470s] running build_py
[1.470s] running install
[1.470s] /usr/lib/python3/dist-packages/setuptools/command/install.py:34: SetuptoolsDeprecationWarning: setup.py install is deprecated. Use build and pip and other standards-based tools.
[1.470s]   warnings.warn(
[1.473s] running install_lib
[1.473s] running install_data
[1.474s] running install_egg_info
[1.476s] removing '/root/robot-ros/src/install/autonomous_node/lib/python3.10/site-packages/autonomous_node-0.0.0-py3.10.egg-info' (and everything under it)
[1.477s] Copying ../build/autonomous_node/autonomous_node.egg-info to /root/robot-ros/src/install/autonomous_node/lib/python3.10/site-packages/autonomous_node-0.0.0-py3.10.egg-info
[1.478s] running install_scripts
[1.510s] Installing autonomous_node script to /root/robot-ros/src/install/autonomous_node/lib/autonomous_node
[1.511s] writing list of installed files to '/root/robot-ros/src/build/autonomous_node/install.log'
[1.569s] Invoked command in '/root/robot-ros/src/autonomous_node' returned '0': PYTHONPATH=/root/robot-ros/src/build/autonomous_node/prefix_override:/root/robot-ros/src/install/autonomous_node/lib/python3.10/site-packages:${PYTHONPATH} /usr/bin/python3 setup.py egg_info --egg-base ../build/autonomous_node build --build-base /root/robot-ros/src/build/autonomous_node/build install --record /root/robot-ros/src/build/autonomous_node/install.log --single-version-externally-managed
