running egg_info
creating ../../build/vision_node/vision_node.egg-info
writing ../../build/vision_node/vision_node.egg-info/PKG-INFO
writing dependency_links to ../../build/vision_node/vision_node.egg-info/dependency_links.txt
writing entry points to ../../build/vision_node/vision_node.egg-info/entry_points.txt
writing requirements to ../../build/vision_node/vision_node.egg-info/requires.txt
writing top-level names to ../../build/vision_node/vision_node.egg-info/top_level.txt
writing manifest file '../../build/vision_node/vision_node.egg-info/SOURCES.txt'
reading manifest file '../../build/vision_node/vision_node.egg-info/SOURCES.txt'
writing manifest file '../../build/vision_node/vision_node.egg-info/SOURCES.txt'
running build
running build_py
creating /root/robot-ros/build/vision_node/build
creating /root/robot-ros/build/vision_node/build/lib
creating /root/robot-ros/build/vision_node/build/lib/vision_node
copying vision_node/vision_node.py -> /root/robot-ros/build/vision_node/build/lib/vision_node
copying vision_node/__init__.py -> /root/robot-ros/build/vision_node/build/lib/vision_node
running install
/usr/lib/python3/dist-packages/setuptools/command/install.py:34: SetuptoolsDeprecationWarning: setup.py install is deprecated. Use build and pip and other standards-based tools.
  warnings.warn(
running install_lib
creating /root/robot-ros/install/vision_node/lib/python3.10/site-packages/vision_node
copying /root/robot-ros/build/vision_node/build/lib/vision_node/vision_node.py -> /root/robot-ros/install/vision_node/lib/python3.10/site-packages/vision_node
copying /root/robot-ros/build/vision_node/build/lib/vision_node/__init__.py -> /root/robot-ros/install/vision_node/lib/python3.10/site-packages/vision_node
byte-compiling /root/robot-ros/install/vision_node/lib/python3.10/site-packages/vision_node/vision_node.py to vision_node.cpython-310.pyc
byte-compiling /root/robot-ros/install/vision_node/lib/python3.10/site-packages/vision_node/__init__.py to __init__.cpython-310.pyc
running install_data
creating /root/robot-ros/install/vision_node/share/ament_index
creating /root/robot-ros/install/vision_node/share/ament_index/resource_index
creating /root/robot-ros/install/vision_node/share/ament_index/resource_index/packages
copying resource/vision_node -> /root/robot-ros/install/vision_node/share/ament_index/resource_index/packages
copying package.xml -> /root/robot-ros/install/vision_node/share/vision_node
running install_egg_info
Copying ../../build/vision_node/vision_node.egg-info to /root/robot-ros/install/vision_node/lib/python3.10/site-packages/vision_node-0.0.0-py3.10.egg-info
running install_scripts
Installing vision_node script to /root/robot-ros/install/vision_node/lib/vision_node
writing list of installed files to '/root/robot-ros/build/vision_node/install.log'
