[1.054s] Invoking command in '/root/robot-ros/src/vision_node': PYTHONPATH=/root/robot-ros/build/vision_node/prefix_override:/root/robot-ros/install/vision_node/lib/python3.10/site-packages:${PYTHONPATH} /usr/bin/python3 setup.py egg_info --egg-base ../../build/vision_node build --build-base /root/robot-ros/build/vision_node/build install --record /root/robot-ros/build/vision_node/install.log --single-version-externally-managed
[1.399s] running egg_info
[1.400s] creating ../../build/vision_node/vision_node.egg-info
[1.400s] writing ../../build/vision_node/vision_node.egg-info/PKG-INFO
[1.401s] writing dependency_links to ../../build/vision_node/vision_node.egg-info/dependency_links.txt
[1.401s] writing entry points to ../../build/vision_node/vision_node.egg-info/entry_points.txt
[1.401s] writing requirements to ../../build/vision_node/vision_node.egg-info/requires.txt
[1.401s] writing top-level names to ../../build/vision_node/vision_node.egg-info/top_level.txt
[1.401s] writing manifest file '../../build/vision_node/vision_node.egg-info/SOURCES.txt'
[1.404s] reading manifest file '../../build/vision_node/vision_node.egg-info/SOURCES.txt'
[1.405s] writing manifest file '../../build/vision_node/vision_node.egg-info/SOURCES.txt'
[1.405s] running build
[1.405s] running build_py
[1.405s] creating /root/robot-ros/build/vision_node/build
[1.405s] creating /root/robot-ros/build/vision_node/build/lib
[1.405s] creating /root/robot-ros/build/vision_node/build/lib/vision_node
[1.405s] copying vision_node/vision_node.py -> /root/robot-ros/build/vision_node/build/lib/vision_node
[1.406s] copying vision_node/__init__.py -> /root/robot-ros/build/vision_node/build/lib/vision_node
[1.406s] running install
[1.406s] /usr/lib/python3/dist-packages/setuptools/command/install.py:34: SetuptoolsDeprecationWarning: setup.py install is deprecated. Use build and pip and other standards-based tools.
[1.406s]   warnings.warn(
[1.411s] running install_lib
[1.411s] creating /root/robot-ros/install/vision_node/lib/python3.10/site-packages/vision_node
[1.411s] copying /root/robot-ros/build/vision_node/build/lib/vision_node/vision_node.py -> /root/robot-ros/install/vision_node/lib/python3.10/site-packages/vision_node
[1.411s] copying /root/robot-ros/build/vision_node/build/lib/vision_node/__init__.py -> /root/robot-ros/install/vision_node/lib/python3.10/site-packages/vision_node
[1.412s] byte-compiling /root/robot-ros/install/vision_node/lib/python3.10/site-packages/vision_node/vision_node.py to vision_node.cpython-310.pyc
[1.413s] byte-compiling /root/robot-ros/install/vision_node/lib/python3.10/site-packages/vision_node/__init__.py to __init__.cpython-310.pyc
[1.413s] running install_data
[1.415s] creating /root/robot-ros/install/vision_node/share/ament_index
[1.415s] creating /root/robot-ros/install/vision_node/share/ament_index/resource_index
[1.415s] creating /root/robot-ros/install/vision_node/share/ament_index/resource_index/packages
[1.415s] copying resource/vision_node -> /root/robot-ros/install/vision_node/share/ament_index/resource_index/packages
[1.415s] copying package.xml -> /root/robot-ros/install/vision_node/share/vision_node
[1.415s] running install_egg_info
[1.419s] Copying ../../build/vision_node/vision_node.egg-info to /root/robot-ros/install/vision_node/lib/python3.10/site-packages/vision_node-0.0.0-py3.10.egg-info
[1.421s] running install_scripts
[1.455s] Installing vision_node script to /root/robot-ros/install/vision_node/lib/vision_node
[1.456s] writing list of installed files to '/root/robot-ros/build/vision_node/install.log'
[1.521s] Invoked command in '/root/robot-ros/src/vision_node' returned '0': PYTHONPATH=/root/robot-ros/build/vision_node/prefix_override:/root/robot-ros/install/vision_node/lib/python3.10/site-packages:${PYTHONPATH} /usr/bin/python3 setup.py egg_info --egg-base ../../build/vision_node build --build-base /root/robot-ros/build/vision_node/build install --record /root/robot-ros/build/vision_node/install.log --single-version-externally-managed
