[1.225s] Invoking command in '/root/robot-ros/src/autonomous_node': PYTHONPATH=/root/robot-ros/src/build/autonomous_node/prefix_override:/root/robot-ros/src/install/autonomous_node/lib/python3.10/site-packages:${PYTHONPATH} /usr/bin/python3 setup.py egg_info --egg-base ../build/autonomous_node build --build-base /root/robot-ros/src/build/autonomous_node/build install --record /root/robot-ros/src/build/autonomous_node/install.log --single-version-externally-managed
[1.544s] running egg_info
[1.545s] writing ../build/autonomous_node/autonomous_node.egg-info/PKG-INFO
[1.546s] writing dependency_links to ../build/autonomous_node/autonomous_node.egg-info/dependency_links.txt
[1.549s] writing entry points to ../build/autonomous_node/autonomous_node.egg-info/entry_points.txt
[1.550s] writing requirements to ../build/autonomous_node/autonomous_node.egg-info/requires.txt
[1.551s] writing top-level names to ../build/autonomous_node/autonomous_node.egg-info/top_level.txt
[1.555s] reading manifest file '../build/autonomous_node/autonomous_node.egg-info/SOURCES.txt'
[1.556s] writing manifest file '../build/autonomous_node/autonomous_node.egg-info/SOURCES.txt'
[1.556s] running build
[1.556s] running build_py
[1.556s] copying autonomous_node/autonomous_node.py -> /root/robot-ros/src/build/autonomous_node/build/lib/autonomous_node
[1.557s] running install
[1.557s] /usr/lib/python3/dist-packages/setuptools/command/install.py:34: SetuptoolsDeprecationWarning: setup.py install is deprecated. Use build and pip and other standards-based tools.
[1.557s]   warnings.warn(
[1.557s] running install_lib
[1.558s] copying /root/robot-ros/src/build/autonomous_node/build/lib/autonomous_node/autonomous_node.py -> /root/robot-ros/src/install/autonomous_node/lib/python3.10/site-packages/autonomous_node
[1.559s] byte-compiling /root/robot-ros/src/install/autonomous_node/lib/python3.10/site-packages/autonomous_node/autonomous_node.py to autonomous_node.cpython-310.pyc
[1.560s] running install_data
[1.561s] running install_egg_info
[1.563s] removing '/root/robot-ros/src/install/autonomous_node/lib/python3.10/site-packages/autonomous_node-0.0.0-py3.10.egg-info' (and everything under it)
[1.568s] Copying ../build/autonomous_node/autonomous_node.egg-info to /root/robot-ros/src/install/autonomous_node/lib/python3.10/site-packages/autonomous_node-0.0.0-py3.10.egg-info
[1.568s] running install_scripts
[1.602s] Installing autonomous_node script to /root/robot-ros/src/install/autonomous_node/lib/autonomous_node
[1.602s] writing list of installed files to '/root/robot-ros/src/build/autonomous_node/install.log'
[1.681s] Invoked command in '/root/robot-ros/src/autonomous_node' returned '0': PYTHONPATH=/root/robot-ros/src/build/autonomous_node/prefix_override:/root/robot-ros/src/install/autonomous_node/lib/python3.10/site-packages:${PYTHONPATH} /usr/bin/python3 setup.py egg_info --egg-base ../build/autonomous_node build --build-base /root/robot-ros/src/build/autonomous_node/build install --record /root/robot-ros/src/build/autonomous_node/install.log --single-version-externally-managed
