[2.506s] Invoking command in '/root/robot-ros/src/autonomous_node': PYTHONPATH=/root/robot-ros/build/autonomous_node/prefix_override:/root/robot-ros/install/autonomous_node/lib/python3.10/site-packages:${PYTHONPATH} /usr/bin/python3 setup.py egg_info --egg-base ../../build/autonomous_node build --build-base /root/robot-ros/build/autonomous_node/build install --record /root/robot-ros/build/autonomous_node/install.log --single-version-externally-managed
[2.884s] running egg_info
[2.886s] writing ../../build/autonomous_node/autonomous_node.egg-info/PKG-INFO
[2.886s] writing dependency_links to ../../build/autonomous_node/autonomous_node.egg-info/dependency_links.txt
[2.888s] writing entry points to ../../build/autonomous_node/autonomous_node.egg-info/entry_points.txt
[2.888s] writing requirements to ../../build/autonomous_node/autonomous_node.egg-info/requires.txt
[2.889s] writing top-level names to ../../build/autonomous_node/autonomous_node.egg-info/top_level.txt
[2.893s] reading manifest file '../../build/autonomous_node/autonomous_node.egg-info/SOURCES.txt'
[2.894s] writing manifest file '../../build/autonomous_node/autonomous_node.egg-info/SOURCES.txt'
[2.895s] running build
[2.895s] running build_py
[2.895s] copying autonomous_node/autonomous_node.py -> /root/robot-ros/build/autonomous_node/build/lib/autonomous_node
[2.896s] running install
[2.896s] /usr/lib/python3/dist-packages/setuptools/command/install.py:34: SetuptoolsDeprecationWarning: setup.py install is deprecated. Use build and pip and other standards-based tools.
[2.897s]   warnings.warn(
[2.898s] running install_lib
[2.898s] copying /root/robot-ros/build/autonomous_node/build/lib/autonomous_node/autonomous_node.py -> /root/robot-ros/install/autonomous_node/lib/python3.10/site-packages/autonomous_node
[2.900s] byte-compiling /root/robot-ros/install/autonomous_node/lib/python3.10/site-packages/autonomous_node/autonomous_node.py to autonomous_node.cpython-310.pyc
[2.901s] running install_data
[2.901s] running install_egg_info
[2.904s] removing '/root/robot-ros/install/autonomous_node/lib/python3.10/site-packages/autonomous_node-0.0.0-py3.10.egg-info' (and everything under it)
[2.905s] Copying ../../build/autonomous_node/autonomous_node.egg-info to /root/robot-ros/install/autonomous_node/lib/python3.10/site-packages/autonomous_node-0.0.0-py3.10.egg-info
[2.906s] running install_scripts
[2.943s] Installing autonomous_node script to /root/robot-ros/install/autonomous_node/lib/autonomous_node
[2.943s] writing list of installed files to '/root/robot-ros/build/autonomous_node/install.log'
[3.022s] Invoked command in '/root/robot-ros/src/autonomous_node' returned '0': PYTHONPATH=/root/robot-ros/build/autonomous_node/prefix_override:/root/robot-ros/install/autonomous_node/lib/python3.10/site-packages:${PYTHONPATH} /usr/bin/python3 setup.py egg_info --egg-base ../../build/autonomous_node build --build-base /root/robot-ros/build/autonomous_node/build install --record /root/robot-ros/build/autonomous_node/install.log --single-version-externally-managed
