[2.645s] Invoking command in '/root/robot-ros/src/influx_node': PYTHONPATH=/root/robot-ros/src/build/influx_node/prefix_override:/root/robot-ros/src/install/influx_node/lib/python3.10/site-packages:${PYTHONPATH} /usr/bin/python3 setup.py egg_info --egg-base ../build/influx_node build --build-base /root/robot-ros/src/build/influx_node/build install --record /root/robot-ros/src/build/influx_node/install.log --single-version-externally-managed
[3.129s] running egg_info
[3.129s] creating ../build/influx_node/influx_node.egg-info
[3.133s] writing ../build/influx_node/influx_node.egg-info/PKG-INFO
[3.133s] writing dependency_links to ../build/influx_node/influx_node.egg-info/dependency_links.txt
[3.133s] writing entry points to ../build/influx_node/influx_node.egg-info/entry_points.txt
[3.133s] writing requirements to ../build/influx_node/influx_node.egg-info/requires.txt
[3.133s] writing top-level names to ../build/influx_node/influx_node.egg-info/top_level.txt
[3.134s] writing manifest file '../build/influx_node/influx_node.egg-info/SOURCES.txt'
[3.134s] reading manifest file '../build/influx_node/influx_node.egg-info/SOURCES.txt'
[3.134s] writing manifest file '../build/influx_node/influx_node.egg-info/SOURCES.txt'
[3.134s] running build
[3.134s] running build_py
[3.134s] creating /root/robot-ros/src/build/influx_node/build
[3.134s] creating /root/robot-ros/src/build/influx_node/build/lib
[3.134s] creating /root/robot-ros/src/build/influx_node/build/lib/influx_node
[3.134s] copying influx_node/battery_node.py -> /root/robot-ros/src/build/influx_node/build/lib/influx_node
[3.135s] copying influx_node/__init__.py -> /root/robot-ros/src/build/influx_node/build/lib/influx_node
[3.135s] running install
[3.135s] /usr/lib/python3/dist-packages/setuptools/command/install.py:34: SetuptoolsDeprecationWarning: setup.py install is deprecated. Use build and pip and other standards-based tools.
[3.140s]   warnings.warn(
[3.141s] running install_lib
[3.141s] creating /root/robot-ros/src/install/influx_node/lib/python3.10/site-packages/influx_node
[3.141s] copying /root/robot-ros/src/build/influx_node/build/lib/influx_node/battery_node.py -> /root/robot-ros/src/install/influx_node/lib/python3.10/site-packages/influx_node
[3.141s] copying /root/robot-ros/src/build/influx_node/build/lib/influx_node/__init__.py -> /root/robot-ros/src/install/influx_node/lib/python3.10/site-packages/influx_node
[3.142s] byte-compiling /root/robot-ros/src/install/influx_node/lib/python3.10/site-packages/influx_node/battery_node.py to battery_node.cpython-310.pyc
[3.142s] byte-compiling /root/robot-ros/src/install/influx_node/lib/python3.10/site-packages/influx_node/__init__.py to __init__.cpython-310.pyc
[3.143s] running install_data
[3.144s] creating /root/robot-ros/src/install/influx_node/share/ament_index
[3.144s] creating /root/robot-ros/src/install/influx_node/share/ament_index/resource_index
[3.145s] creating /root/robot-ros/src/install/influx_node/share/ament_index/resource_index/packages
[3.145s] copying resource/influx_node -> /root/robot-ros/src/install/influx_node/share/ament_index/resource_index/packages
[3.145s] copying package.xml -> /root/robot-ros/src/install/influx_node/share/influx_node
[3.145s] running install_egg_info
[3.146s] Copying ../build/influx_node/influx_node.egg-info to /root/robot-ros/src/install/influx_node/lib/python3.10/site-packages/influx_node-0.0.0-py3.10.egg-info
[3.146s] running install_scripts
[3.192s] Installing battery_node script to /root/robot-ros/src/install/influx_node/lib/influx_node
[3.192s] writing list of installed files to '/root/robot-ros/src/build/influx_node/install.log'
[3.289s] Invoked command in '/root/robot-ros/src/influx_node' returned '0': PYTHONPATH=/root/robot-ros/src/build/influx_node/prefix_override:/root/robot-ros/src/install/influx_node/lib/python3.10/site-packages:${PYTHONPATH} /usr/bin/python3 setup.py egg_info --egg-base ../build/influx_node build --build-base /root/robot-ros/src/build/influx_node/build install --record /root/robot-ros/src/build/influx_node/install.log --single-version-externally-managed
