[2.444s] Invoking command in '/root/robot-ros/src/influx_node': PYTHONPATH=/root/robot-ros/build/influx_node/prefix_override:/root/robot-ros/install/influx_node/lib/python3.10/site-packages:${PYTHONPATH} /usr/bin/python3 setup.py egg_info --egg-base ../../build/influx_node build --build-base /root/robot-ros/build/influx_node/build install --record /root/robot-ros/build/influx_node/install.log --single-version-externally-managed
[2.897s] running egg_info
[2.897s] writing ../../build/influx_node/influx_node.egg-info/PKG-INFO
[2.897s] writing dependency_links to ../../build/influx_node/influx_node.egg-info/dependency_links.txt
[2.897s] writing entry points to ../../build/influx_node/influx_node.egg-info/entry_points.txt
[2.897s] writing requirements to ../../build/influx_node/influx_node.egg-info/requires.txt
[2.897s] writing top-level names to ../../build/influx_node/influx_node.egg-info/top_level.txt
[2.897s] reading manifest file '../../build/influx_node/influx_node.egg-info/SOURCES.txt'
[2.897s] writing manifest file '../../build/influx_node/influx_node.egg-info/SOURCES.txt'
[2.897s] running build
[2.897s] running build_py
[2.897s] running install
[2.897s] running install_lib
[2.897s] running install_data
[2.897s] running install_egg_info
[2.898s] removing '/root/robot-ros/install/influx_node/lib/python3.10/site-packages/influx_node-0.0.0-py3.10.egg-info' (and everything under it)
[2.898s] Copying ../../build/influx_node/influx_node.egg-info to /root/robot-ros/install/influx_node/lib/python3.10/site-packages/influx_node-0.0.0-py3.10.egg-info
[2.898s] running install_scripts
[2.898s] /usr/lib/python3/dist-packages/setuptools/command/install.py:34: SetuptoolsDeprecationWarning: setup.py install is deprecated. Use build and pip and other standards-based tools.
[2.898s]   warnings.warn(
[2.917s] Installing battery_node script to /root/robot-ros/install/influx_node/lib/influx_node
[2.917s] writing list of installed files to '/root/robot-ros/build/influx_node/install.log'
[3.037s] Invoked command in '/root/robot-ros/src/influx_node' returned '0': PYTHONPATH=/root/robot-ros/build/influx_node/prefix_override:/root/robot-ros/install/influx_node/lib/python3.10/site-packages:${PYTHONPATH} /usr/bin/python3 setup.py egg_info --egg-base ../../build/influx_node build --build-base /root/robot-ros/build/influx_node/build install --record /root/robot-ros/build/influx_node/install.log --single-version-externally-managed
