[1.197s] Invoking command in '/root/robot-ros/src/vision_node': PYTHONPATH=/root/robot-ros/build/vision_node/prefix_override:/root/robot-ros/install/vision_node/lib/python3.10/site-packages:${PYTHONPATH} /usr/bin/python3 setup.py egg_info --egg-base ../../build/vision_node build --build-base /root/robot-ros/build/vision_node/build install --record /root/robot-ros/build/vision_node/install.log --single-version-externally-managed
[1.513s] running egg_info
[1.515s] writing ../../build/vision_node/vision_node.egg-info/PKG-INFO
[1.516s] writing dependency_links to ../../build/vision_node/vision_node.egg-info/dependency_links.txt
[1.516s] writing entry points to ../../build/vision_node/vision_node.egg-info/entry_points.txt
[1.517s] writing requirements to ../../build/vision_node/vision_node.egg-info/requires.txt
[1.518s] writing top-level names to ../../build/vision_node/vision_node.egg-info/top_level.txt
[1.522s] reading manifest file '../../build/vision_node/vision_node.egg-info/SOURCES.txt'
[1.524s] writing manifest file '../../build/vision_node/vision_node.egg-info/SOURCES.txt'
[1.524s] running build
[1.524s] running build_py
[1.525s] copying vision_node/vision_node.py -> /root/robot-ros/build/vision_node/build/lib/vision_node
[1.525s] running install
[1.525s] /usr/lib/python3/dist-packages/setuptools/command/install.py:34: SetuptoolsDeprecationWarning: setup.py install is deprecated. Use build and pip and other standards-based tools.
[1.525s]   warnings.warn(
[1.525s] running install_lib
[1.526s] copying /root/robot-ros/build/vision_node/build/lib/vision_node/vision_node.py -> /root/robot-ros/install/vision_node/lib/python3.10/site-packages/vision_node
[1.527s] byte-compiling /root/robot-ros/install/vision_node/lib/python3.10/site-packages/vision_node/vision_node.py to vision_node.cpython-310.pyc
[1.528s] running install_data
[1.529s] running install_egg_info
[1.532s] removing '/root/robot-ros/install/vision_node/lib/python3.10/site-packages/vision_node-0.0.0-py3.10.egg-info' (and everything under it)
[1.532s] Copying ../../build/vision_node/vision_node.egg-info to /root/robot-ros/install/vision_node/lib/python3.10/site-packages/vision_node-0.0.0-py3.10.egg-info
[1.534s] running install_scripts
[1.563s] Installing vision_node script to /root/robot-ros/install/vision_node/lib/vision_node
[1.563s] writing list of installed files to '/root/robot-ros/build/vision_node/install.log'
[1.623s] Invoked command in '/root/robot-ros/src/vision_node' returned '0': PYTHONPATH=/root/robot-ros/build/vision_node/prefix_override:/root/robot-ros/install/vision_node/lib/python3.10/site-packages:${PYTHONPATH} /usr/bin/python3 setup.py egg_info --egg-base ../../build/vision_node build --build-base /root/robot-ros/build/vision_node/build install --record /root/robot-ros/build/vision_node/install.log --single-version-externally-managed
