[1.151s] Invoking command in '/root/robot-ros/src/vision_node': PYTHONPATH=/root/robot-ros/build/vision_node/prefix_override:/root/robot-ros/install/vision_node/lib/python3.10/site-packages:${PYTHONPATH} /usr/bin/python3 setup.py egg_info --egg-base ../../build/vision_node build --build-base /root/robot-ros/build/vision_node/build install --record /root/robot-ros/build/vision_node/install.log --single-version-externally-managed
[1.471s] running egg_info
[1.472s] writing ../../build/vision_node/vision_node.egg-info/PKG-INFO
[1.472s] writing dependency_links to ../../build/vision_node/vision_node.egg-info/dependency_links.txt
[1.473s] writing entry points to ../../build/vision_node/vision_node.egg-info/entry_points.txt
[1.474s] writing requirements to ../../build/vision_node/vision_node.egg-info/requires.txt
[1.475s] writing top-level names to ../../build/vision_node/vision_node.egg-info/top_level.txt
[1.479s] reading manifest file '../../build/vision_node/vision_node.egg-info/SOURCES.txt'
[1.480s] writing manifest file '../../build/vision_node/vision_node.egg-info/SOURCES.txt'
[1.480s] running build
[1.480s] running build_py
[1.480s] copying vision_node/vision_node.py -> /root/robot-ros/build/vision_node/build/lib/vision_node
[1.481s] running install
[1.481s] /usr/lib/python3/dist-packages/setuptools/command/install.py:34: SetuptoolsDeprecationWarning: setup.py install is deprecated. Use build and pip and other standards-based tools.
[1.481s]   warnings.warn(
[1.482s] running install_lib
[1.482s] copying /root/robot-ros/build/vision_node/build/lib/vision_node/vision_node.py -> /root/robot-ros/install/vision_node/lib/python3.10/site-packages/vision_node
[1.483s] byte-compiling /root/robot-ros/install/vision_node/lib/python3.10/site-packages/vision_node/vision_node.py to vision_node.cpython-310.pyc
[1.484s] running install_data
[1.485s] running install_egg_info
[1.487s] removing '/root/robot-ros/install/vision_node/lib/python3.10/site-packages/vision_node-0.0.0-py3.10.egg-info' (and everything under it)
[1.488s] Copying ../../build/vision_node/vision_node.egg-info to /root/robot-ros/install/vision_node/lib/python3.10/site-packages/vision_node-0.0.0-py3.10.egg-info
[1.489s] running install_scripts
[1.520s] Installing vision_node script to /root/robot-ros/install/vision_node/lib/vision_node
[1.520s] writing list of installed files to '/root/robot-ros/build/vision_node/install.log'
[1.575s] Invoked command in '/root/robot-ros/src/vision_node' returned '0': PYTHONPATH=/root/robot-ros/build/vision_node/prefix_override:/root/robot-ros/install/vision_node/lib/python3.10/site-packages:${PYTHONPATH} /usr/bin/python3 setup.py egg_info --egg-base ../../build/vision_node build --build-base /root/robot-ros/build/vision_node/build install --record /root/robot-ros/build/vision_node/install.log --single-version-externally-managed
