[0.937s] Invoking command in '/root/robot-ros/src/influx_node': PYTHONPATH=/root/robot-ros/build/influx_node/prefix_override:/root/robot-ros/install/influx_node/lib/python3.10/site-packages:${PYTHONPATH} /usr/bin/python3 setup.py egg_info --egg-base ../../build/influx_node build --build-base /root/robot-ros/build/influx_node/build install --record /root/robot-ros/build/influx_node/install.log --single-version-externally-managed
[1.216s] running egg_info
[1.216s] creating ../../build/influx_node/influx_node.egg-info
[1.219s] writing ../../build/influx_node/influx_node.egg-info/PKG-INFO
[1.219s] writing dependency_links to ../../build/influx_node/influx_node.egg-info/dependency_links.txt
[1.219s] writing entry points to ../../build/influx_node/influx_node.egg-info/entry_points.txt
[1.219s] writing requirements to ../../build/influx_node/influx_node.egg-info/requires.txt
[1.219s] writing top-level names to ../../build/influx_node/influx_node.egg-info/top_level.txt
[1.219s] writing manifest file '../../build/influx_node/influx_node.egg-info/SOURCES.txt'
[1.220s] reading manifest file '../../build/influx_node/influx_node.egg-info/SOURCES.txt'
[1.221s] writing manifest file '../../build/influx_node/influx_node.egg-info/SOURCES.txt'
[1.221s] running build
[1.221s] running build_py
[1.221s] creating /root/robot-ros/build/influx_node/build
[1.221s] creating /root/robot-ros/build/influx_node/build/lib
[1.221s] creating /root/robot-ros/build/influx_node/build/lib/influx_node
[1.222s] copying influx_node/battery_node.py -> /root/robot-ros/build/influx_node/build/lib/influx_node
[1.222s] copying influx_node/__init__.py -> /root/robot-ros/build/influx_node/build/lib/influx_node
[1.222s] running install
[1.222s] /usr/lib/python3/dist-packages/setuptools/command/install.py:34: SetuptoolsDeprecationWarning: setup.py install is deprecated. Use build and pip and other standards-based tools.
[1.222s]   warnings.warn(
[1.222s] running install_lib
[1.223s] creating /root/robot-ros/install/influx_node/lib/python3.10/site-packages/influx_node
[1.223s] copying /root/robot-ros/build/influx_node/build/lib/influx_node/battery_node.py -> /root/robot-ros/install/influx_node/lib/python3.10/site-packages/influx_node
[1.224s] copying /root/robot-ros/build/influx_node/build/lib/influx_node/__init__.py -> /root/robot-ros/install/influx_node/lib/python3.10/site-packages/influx_node
[1.224s] byte-compiling /root/robot-ros/install/influx_node/lib/python3.10/site-packages/influx_node/battery_node.py to battery_node.cpython-310.pyc
[1.225s] byte-compiling /root/robot-ros/install/influx_node/lib/python3.10/site-packages/influx_node/__init__.py to __init__.cpython-310.pyc
[1.225s] running install_data
[1.226s] creating /root/robot-ros/install/influx_node/share/ament_index
[1.226s] creating /root/robot-ros/install/influx_node/share/ament_index/resource_index
[1.226s] creating /root/robot-ros/install/influx_node/share/ament_index/resource_index/packages
[1.226s] copying resource/influx_node -> /root/robot-ros/install/influx_node/share/ament_index/resource_index/packages
[1.226s] copying package.xml -> /root/robot-ros/install/influx_node/share/influx_node
[1.226s] running install_egg_info
[1.228s] Copying ../../build/influx_node/influx_node.egg-info to /root/robot-ros/install/influx_node/lib/python3.10/site-packages/influx_node-0.0.0-py3.10.egg-info
[1.229s] running install_scripts
[1.254s] Installing battery_node script to /root/robot-ros/install/influx_node/lib/influx_node
[1.255s] writing list of installed files to '/root/robot-ros/build/influx_node/install.log'
[1.309s] Invoked command in '/root/robot-ros/src/influx_node' returned '0': PYTHONPATH=/root/robot-ros/build/influx_node/prefix_override:/root/robot-ros/install/influx_node/lib/python3.10/site-packages:${PYTHONPATH} /usr/bin/python3 setup.py egg_info --egg-base ../../build/influx_node build --build-base /root/robot-ros/build/influx_node/build install --record /root/robot-ros/build/influx_node/install.log --single-version-externally-managed
